
There are no discarded input sections

Memory Configuration

Name             Origin             Length             Attributes
MEM              0x00000000         0x04000000         xrw
*default*        0x00000000         0xffffffff

Linker script and memory map

                0x00010000                        . = 0x10000

.startup        0x00000000       0x10
 startup.o(.text)
 .text          0x00000000       0x10 startup.o
                0x00000000                reset

.text           0x00000010       0xa4
 *(.text)
 .text          0x00000010       0x38 main.o
                0x00000010                main
 .text          0x00000048       0x58 uart.o
                0x00000048                Uart_Send
 *(.rodata)
 .rodata        0x000000a0       0x14 main.o

.glue_7         0x000000b4        0x0
 .glue_7        0x000000b4        0x0 linker stubs

.glue_7t        0x000000b4        0x0
 .glue_7t       0x000000b4        0x0 linker stubs

.vfp11_veneer   0x000000b4        0x0
 .vfp11_veneer  0x000000b4        0x0 linker stubs

.v4_bx          0x000000b4        0x0
 .v4_bx         0x000000b4        0x0 linker stubs

.iplt           0x000000b4        0x0
 .iplt          0x000000b4        0x0 startup.o

.rel.dyn        0x000000b4        0x0
 .rel.iplt      0x000000b4        0x0 startup.o

.data           0x000000b4        0x4
 *(.data)
 .data          0x000000b4        0x0 startup.o
 .data          0x000000b4        0x4 main.o
                0x000000b4                p
 .data          0x000000b8        0x0 uart.o

.igot.plt       0x000000b8        0x0
 .igot.plt      0x000000b8        0x0 startup.o

.bss            0x000000b8        0x0
 *(.bss)
 .bss           0x000000b8        0x0 startup.o
 .bss           0x000000b8        0x0 main.o
 .bss           0x000000b8        0x0 uart.o
 *(COMMON)
                0x000010b8                        . = (. + 0x1000)
                0x000010b8                        stack_top = .
LOAD main.o
LOAD startup.o
LOAD uart.o
OUTPUT(output.elf elf32-littlearm)
LOAD linker stubs

.ARM.attributes
                0x00000000       0x28
 .ARM.attributes
                0x00000000       0x1c startup.o
 .ARM.attributes
                0x0000001c       0x2c main.o
 .ARM.attributes
                0x00000048       0x2c uart.o

.comment        0x00000000       0x44
 .comment       0x00000000       0x44 main.o
                                 0x45 (size before relaxing)
 .comment       0x00000044       0x45 uart.o

.debug_line     0x00000000       0xda
 .debug_line    0x00000000       0x46 startup.o
 .debug_line    0x00000046       0x49 main.o
 .debug_line    0x0000008f       0x4b uart.o

.debug_line_str
                0x00000000       0x46
 .debug_line_str
                0x00000000       0x46 startup.o

.debug_info     0x00000000      0x121
 .debug_info    0x00000000       0x24 startup.o
 .debug_info    0x00000024       0xa3 main.o
 .debug_info    0x000000c7       0x5a uart.o

.debug_abbrev   0x00000000      0x104
 .debug_abbrev  0x00000000       0x14 startup.o
 .debug_abbrev  0x00000014       0x9c main.o
 .debug_abbrev  0x000000b0       0x54 uart.o

.debug_aranges  0x00000000       0x60
 .debug_aranges
                0x00000000       0x20 startup.o
 .debug_aranges
                0x00000020       0x20 main.o
 .debug_aranges
                0x00000040       0x20 uart.o

.debug_str      0x00000000       0xe4
 .debug_str     0x00000000       0xe4 startup.o
                                 0x54 (size before relaxing)
 .debug_str     0x000000e4       0xc2 main.o
 .debug_str     0x000000e4       0xb6 uart.o

.debug_frame    0x00000000       0x60
 .debug_frame   0x00000000       0x30 main.o
 .debug_frame   0x00000030       0x30 uart.o
