
There are no discarded input sections

Memory Configuration

Name             Origin             Length             Attributes
MEM              0x00000000         0x04000000         xrw
*default*        0x00000000         0xffffffff

Linker script and memory map

                0x00010000                        . = 0x10000

.startup        0x00010000       0x10
 startup.o(.text)
 .text          0x00010000       0x10 startup.o
                0x00010000                reset

.text           0x00010010       0x78
 *(.text)
 .text          0x00010010       0x20 main.o
                0x00010010                main
 .text          0x00010030       0x58 uart.o
                0x00010030                Uart_Send
 *(.rodata)

.glue_7         0x00010088        0x0
 .glue_7        0x00010088        0x0 linker stubs

.glue_7t        0x00010088        0x0
 .glue_7t       0x00010088        0x0 linker stubs

.vfp11_veneer   0x00010088        0x0
 .vfp11_veneer  0x00010088        0x0 linker stubs

.v4_bx          0x00010088        0x0
 .v4_bx         0x00010088        0x0 linker stubs

.iplt           0x00010088        0x0
 .iplt          0x00010088        0x0 startup.o

.rel.dyn        0x00010088        0x0
 .rel.iplt      0x00010088        0x0 startup.o

.data           0x00010088       0x14
 *(.data)
 .data          0x00010088        0x0 startup.o
 .data          0x00010088       0x14 main.o
                0x00010088                p
 .data          0x0001009c        0x0 uart.o

.igot.plt       0x0001009c        0x0
 .igot.plt      0x0001009c        0x0 startup.o

.bss            0x0001009c        0x0
 *(.bss)
 .bss           0x0001009c        0x0 startup.o
 .bss           0x0001009c        0x0 main.o
 .bss           0x0001009c        0x0 uart.o
 *(COMMON)
                0x0001109c                        . = (. + 0x1000)
                0x0001109c                        stack_top = .
LOAD main.o
LOAD startup.o
LOAD uart.o
OUTPUT(output.elf elf32-littlearm)
LOAD linker stubs

.ARM.attributes
                0x00000000       0x2e
 .ARM.attributes
                0x00000000       0x22 startup.o
 .ARM.attributes
                0x00000022       0x2c main.o
 .ARM.attributes
                0x0000004e       0x2c uart.o

.comment        0x00000000       0x44
 .comment       0x00000000       0x44 main.o
                                 0x45 (size before relaxing)
 .comment       0x00000044       0x45 uart.o

.debug_line     0x00000000       0xce
 .debug_line    0x00000000       0x37 startup.o
 .debug_line    0x00000037       0x49 main.o
 .debug_line    0x00000080       0x4e uart.o

.debug_info     0x00000000      0x10a
 .debug_info    0x00000000       0x26 startup.o
 .debug_info    0x00000026       0x8a main.o
 .debug_info    0x000000b0       0x5a uart.o

.debug_abbrev   0x00000000       0xf5
 .debug_abbrev  0x00000000       0x14 startup.o
 .debug_abbrev  0x00000014       0x8d main.o
 .debug_abbrev  0x000000a1       0x54 uart.o

.debug_aranges  0x00000000       0x60
 .debug_aranges
                0x00000000       0x20 startup.o
 .debug_aranges
                0x00000020       0x20 main.o
 .debug_aranges
                0x00000040       0x20 uart.o

.debug_str      0x00000000       0xe7
 .debug_str     0x00000000       0xe7 startup.o
                                 0x54 (size before relaxing)
 .debug_str     0x000000e7       0xc0 main.o
 .debug_str     0x000000e7       0xb6 uart.o

.debug_frame    0x00000000       0x5c
 .debug_frame   0x00000000       0x2c main.o
 .debug_frame   0x0000002c       0x30 uart.o
