../STM32F103C6_Drivers/GPIO/stm32f103c6_gpio.c:21:6:delay_ms	0	static
../STM32F103C6_Drivers/GPIO/stm32f103c6_gpio.c:28:9:Get_CRLH_Position	0	static
../STM32F103C6_Drivers/GPIO/stm32f103c6_gpio.c:115:6:MCAL_GPIO_Init	24	static
../STM32F103C6_Drivers/GPIO/stm32f103c6_gpio.c:185:6:MCAL_GPIO_DeInit	0	static
../STM32F103C6_Drivers/GPIO/stm32f103c6_gpio.c:241:9:MCAL_GPIO_ReadPin	0	static
../STM32F103C6_Drivers/GPIO/stm32f103c6_gpio.c:262:10:MCAL_GPIO_ReadPort	0	static
../STM32F103C6_Drivers/GPIO/stm32f103c6_gpio.c:276:6:MCAL_GPIO_WritePort	0	static
../STM32F103C6_Drivers/GPIO/stm32f103c6_gpio.c:292:6:MCAL_GPIO_WritePin	0	static
../STM32F103C6_Drivers/GPIO/stm32f103c6_gpio.c:327:6:MCAL_GPIO_TogglePin	0	static
../STM32F103C6_Drivers/GPIO/stm32f103c6_gpio.c:340:9:MCAL_GPIO_LockPin	8	static
