../STM32F103C6_Drivers/stm32f103c6_I2C_Driver.c:22:6:MCAL_I2C_Init	16	static
../STM32F103C6_Drivers/stm32f103c6_I2C_Driver.c:93:6:MCAL_I2C_DInit	0	static
../STM32F103C6_Drivers/stm32f103c6_I2C_Driver.c:108:6:MCAL_I2C_GPIO_Set_Pins	16	static
../STM32F103C6_Drivers/stm32f103c6_I2C_Driver.c:192:6:MCAL_I2C_SlaveSendData	0	static
../STM32F103C6_Drivers/stm32f103c6_I2C_Driver.c:197:9:MCAL_I2C_SlaveReceiveData	0	static
../STM32F103C6_Drivers/stm32f103c6_I2C_Driver.c:234:12:I2C_GetFlagStatus	0	static
../STM32F103C6_Drivers/stm32f103c6_I2C_Driver.c:204:6:I2C_GenerateSTART	16	static
../STM32F103C6_Drivers/stm32f103c6_I2C_Driver.c:132:6:MCAL_I2C_Master_TX	32	static
../STM32F103C6_Drivers/stm32f103c6_I2C_Driver.c:156:6:MCAL_I2C_Master_RX	32	static
../STM32F103C6_Drivers/stm32f103c6_I2C_Driver.c:328:6:I2C_SendAddress	0	static
../STM32F103C6_Drivers/stm32f103c6_I2C_Driver.c:340:6:I2C_GenerateSTOP	0	static
../STM32F103C6_Drivers/stm32f103c6_I2C_Driver.c:353:6:I2C_AcknowledgeConfig	0	static
../STM32F103C6_Drivers/stm32f103c6_I2C_Driver.c:367:6:I2C1_ER_IRQHandler	0	static
../STM32F103C6_Drivers/stm32f103c6_I2C_Driver.c:456:6:Slave_States	8	static
../STM32F103C6_Drivers/stm32f103c6_I2C_Driver.c:372:6:I2C1_EV_IRQHandler	16	static
../STM32F103C6_Drivers/stm32f103c6_I2C_Driver.c:521:6:I2C2_ER_IRQHandler	0	static
../STM32F103C6_Drivers/stm32f103c6_I2C_Driver.c:526:6:I2C2_EV_IRQHandler	0	static
