Archive member included to satisfy reference by file (symbol)

C:/ST/STM32CubeIDE_1.13.0/STM32CubeIDE/plugins/com.st.stm32cube.ide.mcu.externaltools.gnu-tools-for-stm32.12.3.rel1.win32_1.0.200.202406191623/tools/bin/../lib/gcc/arm-none-eabi/12.3.1/../../../../arm-none-eabi/lib/thumb/v7-m/nofp\libc_nano.a(libc_a-exit.o)
                              C:/ST/STM32CubeIDE_1.13.0/STM32CubeIDE/plugins/com.st.stm32cube.ide.mcu.externaltools.gnu-tools-for-stm32.12.3.rel1.win32_1.0.200.202406191623/tools/bin/../lib/gcc/arm-none-eabi/12.3.1/../../../../arm-none-eabi/lib/thumb/v7-m/nofp/crt0.o (exit)
C:/ST/STM32CubeIDE_1.13.0/STM32CubeIDE/plugins/com.st.stm32cube.ide.mcu.externaltools.gnu-tools-for-stm32.12.3.rel1.win32_1.0.200.202406191623/tools/bin/../lib/gcc/arm-none-eabi/12.3.1/../../../../arm-none-eabi/lib/thumb/v7-m/nofp\libc_nano.a(libc_a-findfp.o)
                              C:/ST/STM32CubeIDE_1.13.0/STM32CubeIDE/plugins/com.st.stm32cube.ide.mcu.externaltools.gnu-tools-for-stm32.12.3.rel1.win32_1.0.200.202406191623/tools/bin/../lib/gcc/arm-none-eabi/12.3.1/../../../../arm-none-eabi/lib/thumb/v7-m/nofp\libc_nano.a(libc_a-exit.o) (__stdio_exit_handler)
C:/ST/STM32CubeIDE_1.13.0/STM32CubeIDE/plugins/com.st.stm32cube.ide.mcu.externaltools.gnu-tools-for-stm32.12.3.rel1.win32_1.0.200.202406191623/tools/bin/../lib/gcc/arm-none-eabi/12.3.1/../../../../arm-none-eabi/lib/thumb/v7-m/nofp\libc_nano.a(libc_a-fwalk.o)
                              C:/ST/STM32CubeIDE_1.13.0/STM32CubeIDE/plugins/com.st.stm32cube.ide.mcu.externaltools.gnu-tools-for-stm32.12.3.rel1.win32_1.0.200.202406191623/tools/bin/../lib/gcc/arm-none-eabi/12.3.1/../../../../arm-none-eabi/lib/thumb/v7-m/nofp\libc_nano.a(libc_a-findfp.o) (_fwalk_sglue)
C:/ST/STM32CubeIDE_1.13.0/STM32CubeIDE/plugins/com.st.stm32cube.ide.mcu.externaltools.gnu-tools-for-stm32.12.3.rel1.win32_1.0.200.202406191623/tools/bin/../lib/gcc/arm-none-eabi/12.3.1/../../../../arm-none-eabi/lib/thumb/v7-m/nofp\libc_nano.a(libc_a-stdio.o)
                              C:/ST/STM32CubeIDE_1.13.0/STM32CubeIDE/plugins/com.st.stm32cube.ide.mcu.externaltools.gnu-tools-for-stm32.12.3.rel1.win32_1.0.200.202406191623/tools/bin/../lib/gcc/arm-none-eabi/12.3.1/../../../../arm-none-eabi/lib/thumb/v7-m/nofp\libc_nano.a(libc_a-findfp.o) (__sread)
C:/ST/STM32CubeIDE_1.13.0/STM32CubeIDE/plugins/com.st.stm32cube.ide.mcu.externaltools.gnu-tools-for-stm32.12.3.rel1.win32_1.0.200.202406191623/tools/bin/../lib/gcc/arm-none-eabi/12.3.1/../../../../arm-none-eabi/lib/thumb/v7-m/nofp\libc_nano.a(libc_a-memset.o)
                              C:/ST/STM32CubeIDE_1.13.0/STM32CubeIDE/plugins/com.st.stm32cube.ide.mcu.externaltools.gnu-tools-for-stm32.12.3.rel1.win32_1.0.200.202406191623/tools/bin/../lib/gcc/arm-none-eabi/12.3.1/../../../../arm-none-eabi/lib/thumb/v7-m/nofp/crt0.o (memset)
C:/ST/STM32CubeIDE_1.13.0/STM32CubeIDE/plugins/com.st.stm32cube.ide.mcu.externaltools.gnu-tools-for-stm32.12.3.rel1.win32_1.0.200.202406191623/tools/bin/../lib/gcc/arm-none-eabi/12.3.1/../../../../arm-none-eabi/lib/thumb/v7-m/nofp\libc_nano.a(libc_a-closer.o)
                              C:/ST/STM32CubeIDE_1.13.0/STM32CubeIDE/plugins/com.st.stm32cube.ide.mcu.externaltools.gnu-tools-for-stm32.12.3.rel1.win32_1.0.200.202406191623/tools/bin/../lib/gcc/arm-none-eabi/12.3.1/../../../../arm-none-eabi/lib/thumb/v7-m/nofp\libc_nano.a(libc_a-stdio.o) (_close_r)
C:/ST/STM32CubeIDE_1.13.0/STM32CubeIDE/plugins/com.st.stm32cube.ide.mcu.externaltools.gnu-tools-for-stm32.12.3.rel1.win32_1.0.200.202406191623/tools/bin/../lib/gcc/arm-none-eabi/12.3.1/../../../../arm-none-eabi/lib/thumb/v7-m/nofp\libc_nano.a(libc_a-reent.o)
                              C:/ST/STM32CubeIDE_1.13.0/STM32CubeIDE/plugins/com.st.stm32cube.ide.mcu.externaltools.gnu-tools-for-stm32.12.3.rel1.win32_1.0.200.202406191623/tools/bin/../lib/gcc/arm-none-eabi/12.3.1/../../../../arm-none-eabi/lib/thumb/v7-m/nofp\libc_nano.a(libc_a-closer.o) (errno)
C:/ST/STM32CubeIDE_1.13.0/STM32CubeIDE/plugins/com.st.stm32cube.ide.mcu.externaltools.gnu-tools-for-stm32.12.3.rel1.win32_1.0.200.202406191623/tools/bin/../lib/gcc/arm-none-eabi/12.3.1/../../../../arm-none-eabi/lib/thumb/v7-m/nofp\libc_nano.a(libc_a-impure.o)
                              C:/ST/STM32CubeIDE_1.13.0/STM32CubeIDE/plugins/com.st.stm32cube.ide.mcu.externaltools.gnu-tools-for-stm32.12.3.rel1.win32_1.0.200.202406191623/tools/bin/../lib/gcc/arm-none-eabi/12.3.1/../../../../arm-none-eabi/lib/thumb/v7-m/nofp\libc_nano.a(libc_a-reent.o) (_impure_ptr)
C:/ST/STM32CubeIDE_1.13.0/STM32CubeIDE/plugins/com.st.stm32cube.ide.mcu.externaltools.gnu-tools-for-stm32.12.3.rel1.win32_1.0.200.202406191623/tools/bin/../lib/gcc/arm-none-eabi/12.3.1/../../../../arm-none-eabi/lib/thumb/v7-m/nofp\libc_nano.a(libc_a-lseekr.o)
[...]
Memory Configuration

Name             Origin             Length             Attributes
RAM              0x20000000         0x00002800         xrw
FLASH            0x08000000         0x00008000         xr
*default*        0x00000000         0xffffffff

Linker script and memory map

LOAD C:/ST/STM32CubeIDE_1.13.0/STM32CubeIDE/plugins/com.st.stm32cube.ide.mcu.externaltools.gnu-tools-for-stm32.12.3.rel1.win32_1.0.200.202406191623/tools/bin/../lib/gcc/arm-none-eabi/12.3.1/thumb/v7-m/nofp/crti.o
LOAD C:/ST/STM32CubeIDE_1.13.0/STM32CubeIDE/plugins/com.st.stm32cube.ide.mcu.externaltools.gnu-tools-for-stm32.12.3.rel1.win32_1.0.200.202406191623/tools/bin/../lib/gcc/arm-none-eabi/12.3.1/thumb/v7-m/nofp/crtbegin.o
LOAD C:/ST/STM32CubeIDE_1.13.0/STM32CubeIDE/plugins/com.st.stm32cube.ide.mcu.externaltools.gnu-tools-for-stm32.12.3.rel1.win32_1.0.200.202406191623/tools/bin/../lib/gcc/arm-none-eabi/12.3.1/../../../../arm-none-eabi/lib/thumb/v7-m/nofp/crt0.o
LOAD ./HAL/keypad.o
LOAD ./HAL/lcd.o
LOAD ./RTOS/CortexMX_Os_Porting.o
LOAD ./RTOS/RTOS_FIFO.o
LOAD ./RTOS/Schedular.o
LOAD ./STM32F103C6_Drivers/GPIO/stm32f103c6_gpio.o
LOAD ./STM32F103C6_Drivers/stm32f013c6_RCC_Driver.o
LOAD ./STM32F103C6_Drivers/stm32f103c6_EXTI_Driver.o
LOAD ./STM32F103C6_Drivers/stm32f103c6_I2C_Driver.o
LOAD ./STM32F103C6_Drivers/stm32f103c6_SPI_Driver.o
LOAD ./STM32F103C6_Drivers/stm32f103c6_USART_Driver.o
LOAD ./Src/main.o
LOAD ./Src/syscalls.o
LOAD ./Src/sysmem.o
LOAD ./Startup/startup_stm32f103c6tx.o
START GROUP
LOAD C:/ST/STM32CubeIDE_1.13.0/STM32CubeIDE/plugins/com.st.stm32cube.ide.mcu.externaltools.gnu-tools-for-stm32.12.3.rel1.win32_1.0.200.202406191623/tools/bin/../lib/gcc/arm-none-eabi/12.3.1/../../../../arm-none-eabi/lib/thumb/v7-m/nofp\libc_nano.a
LOAD C:/ST/STM32CubeIDE_1.13.0/STM32CubeIDE/plugins/com.st.stm32cube.ide.mcu.externaltools.gnu-tools-for-stm32.12.3.rel1.win32_1.0.200.202406191623/tools/bin/../lib/gcc/arm-none-eabi/12.3.1/../../../../arm-none-eabi/lib/thumb/v7-m/nofp\libm.a
END GROUP
START GROUP
LOAD C:/ST/STM32CubeIDE_1.13.0/STM32CubeIDE/plugins/com.st.stm32cube.ide.mcu.externaltools.gnu-tools-for-stm32.12.3.rel1.win32_1.0.200.202406191623/tools/bin/../lib/gcc/arm-none-eabi/12.3.1/thumb/v7-m/nofp\libgcc.a
LOAD C:/ST/STM32CubeIDE_1.13.0/STM32CubeIDE/plugins/com.st.stm32cube.ide.mcu.externaltools.gnu-tools-for-stm32.12.3.rel1.win32_1.0.200.202406191623/tools/bin/../lib/gcc/arm-none-eabi/12.3.1/../../../../arm-none-eabi/lib/thumb/v7-m/nofp\libg_nano.a
LOAD C:/ST/STM32CubeIDE_1.13.0/STM32CubeIDE/plugins/com.st.stm32cube.ide.mcu.externaltools.gnu-tools-for-stm32.12.3.rel1.win32_1.0.200.202406191623/tools/bin/../lib/gcc/arm-none-eabi/12.3.1/../../../../arm-none-eabi/lib/thumb/v7-m/nofp\libc_nano.a
END GROUP
START GROUP
LOAD C:/ST/STM32CubeIDE_1.13.0/STM32CubeIDE/plugins/com.st.stm32cube.ide.mcu.externaltools.gnu-tools-for-stm32.12.3.rel1.win32_1.0.200.202406191623/tools/bin/../lib/gcc/arm-none-eabi/12.3.1/thumb/v7-m/nofp\libgcc.a
LOAD C:/ST/STM32CubeIDE_1.13.0/STM32CubeIDE/plugins/com.st.stm32cube.ide.mcu.externaltools.gnu-tools-for-stm32.12.3.rel1.win32_1.0.200.202406191623/tools/bin/../lib/gcc/arm-none-eabi/12.3.1/../../../../arm-none-eabi/lib/thumb/v7-m/nofp\libc_nano.a
LOAD C:/ST/STM32CubeIDE_1.13.0/STM32CubeIDE/plugins/com.st.stm32cube.ide.mcu.externaltools.gnu-tools-for-stm32.12.3.rel1.win32_1.0.200.202406191623/tools/bin/../lib/gcc/arm-none-eabi/12.3.1/../../../../arm-none-eabi/lib/thumb/v7-m/nofp\libnosys.a
END GROUP
START GROUP
LOAD C:/ST/STM32CubeIDE_1.13.0/STM32CubeIDE/plugins/com.st.stm32cube.ide.mcu.externaltools.gnu-tools-for-stm32.12.3.rel1.win32_1.0.200.202406191623/tools/bin/../lib/gcc/arm-none-eabi/12.3.1/thumb/v7-m/nofp\libgcc.a
LOAD C:/ST/STM32CubeIDE_1.13.0/STM32CubeIDE/plugins/com.st.stm32cube.ide.mcu.externaltools.gnu-tools-for-stm32.12.3.rel1.win32_1.0.200.202406191623/tools/bin/../lib/gcc/arm-none-eabi/12.3.1/../../../../arm-none-eabi/lib/thumb/v7-m/nofp\libc_nano.a
LOAD C:/ST/STM32CubeIDE_1.13.0/STM32CubeIDE/plugins/com.st.stm32cube.ide.mcu.externaltools.gnu-tools-for-stm32.12.3.rel1.win32_1.0.200.202406191623/tools/bin/../lib/gcc/arm-none-eabi/12.3.1/../../../../arm-none-eabi/lib/thumb/v7-m/nofp\libnosys.a
END GROUP
LOAD C:/ST/STM32CubeIDE_1.13.0/STM32CubeIDE/plugins/com.st.stm32cube.ide.mcu.externaltools.gnu-tools-for-stm32.12.3.rel1.win32_1.0.200.202406191623/tools/bin/../lib/gcc/arm-none-eabi/12.3.1/thumb/v7-m/nofp/crtend.o
LOAD C:/ST/STM32CubeIDE_1.13.0/STM32CubeIDE/plugins/com.st.stm32cube.ide.mcu.externaltools.gnu-tools-for-stm32.12.3.rel1.win32_1.0.200.202406191623/tools/bin/../lib/gcc/arm-none-eabi/12.3.1/thumb/v7-m/nofp/crtn.o
                0x20002800                        _estack = (ORIGIN (RAM) + LENGTH (RAM))
                0x00000200                        _Min_Heap_Size = 0x200
                0x00000400                        _Min_Stack_Size = 0x400

.isr_vector     0x08000000      0x130
                0x08000000                        . = ALIGN (0x4)
 *(.isr_vector)
 .isr_vector    0x08000000      0x130 ./Startup/startup_stm32f103c6tx.o
                0x08000000                g_pfnVectors
                0x08000130                        . = ALIGN (0x4)

.text           0x08000130      0x5b8
                0x08000130                        . = ALIGN (0x4)
 *(.text)
 .text          0x08000130       0x40 C:/ST/STM32CubeIDE_1.13.0/STM32CubeIDE/plugins/com.st.stm32cube.ide.mcu.externaltools.gnu-tools-for-stm32.12.3.rel1.win32_1.0.200.202406191623/tools/bin/../lib/gcc/arm-none-eabi/12.3.1/thumb/v7-m/nofp/crtbegin.o
 *(.text*)
 .text.HardFault_Handler
                0x08000170        0x2 ./RTOS/CortexMX_Os_Porting.o
                0x08000170                HardFault_Handler
 .text.MemManage_Handler
                0x08000172        0x2 ./RTOS/CortexMX_Os_Porting.o
                0x08000172                MemManage_Handler
 .text.BusFault_Handler
                0x08000174        0x2 ./RTOS/CortexMX_Os_Porting.o
                0x08000174                BusFault_Handler
 .text.SVC_Handler
                0x08000176       0x12 ./RTOS/CortexMX_Os_Porting.o
                0x08000176                SVC_Handler
 .text.FIFO_init
                0x08000188       0x16 ./RTOS/RTOS_FIFO.o
                0x08000188                FIFO_init
 .text.MYRTOS_Idle_Task
                0x0800019e        0x4 ./RTOS/Schedular.o
                0x0800019e                MYRTOS_Idle_Task
 .text.OS_SVC   0x080001a2        0x2 ./RTOS/Schedular.o
                0x080001a2                OS_SVC
 .text.PendSV_Handler
                0x080001a4        0x2 ./RTOS/Schedular.o
                0x080001a4                PendSV_Handler
 *fill*         0x080001a6        0x2 
 .text.My_RTOS_Creat_Stack
                0x080001a8       0x24 ./RTOS/Schedular.o
                0x080001a8                My_RTOS_Creat_Stack
 .text.MY_RTOS_TaskStack
                0x080001cc       0x40 ./RTOS/Schedular.o
                0x080001cc                MY_RTOS_TaskStack
 .text.My_RTOS_Creat_Task
                0x0800020c       0x3c ./RTOS/Schedular.o
                0x0800020c                My_RTOS_Creat_Task
 .text.MYRTOS_Init
                0x08000248       0x60 ./RTOS/Schedular.o
                0x08000248                MYRTOS_Init
 .text.EXTI0_IRQHandler
                0x080002a8       0x1c ./STM32F103C6_Drivers/stm32f103c6_EXTI_Driver.o
                0x080002a8                EXTI0_IRQHandler
 .text.EXTI1_IRQHandler
                0x080002c4       0x1c ./STM32F103C6_Drivers/stm32f103c6_EXTI_Driver.o
                0x080002c4                EXTI1_IRQHandler
 .text.EXTI2_IRQHandler
                0x080002e0       0x1c ./STM32F103C6_Drivers/stm32f103c6_EXTI_Driver.o
                0x080002e0                EXTI2_IRQHandler
 .text.EXTI3_IRQHandler
                0x080002fc       0x1c ./STM32F103C6_Drivers/stm32f103c6_EXTI_Driver.o
                0x080002fc                EXTI3_IRQHandler
 .text.EXTI4_IRQHandler
                0x08000318       0x1c ./STM32F103C6_Drivers/stm32f103c6_EXTI_Driver.o
                0x08000318                EXTI4_IRQHandler
 .text.EXTI9_5_IRQHandler
                0x08000334       0x90 ./STM32F103C6_Drivers/stm32f103c6_EXTI_Driver.o
                0x08000334                EXTI9_5_IRQHandler
 .text.I2C1_ER_IRQHandler
                0x080003c4        0x2 ./STM32F103C6_Drivers/stm32f103c6_I2C_Driver.o
                0x080003c4                I2C1_ER_IRQHandler
 *fill*         0x080003c6        0x2 
 .text.Slave_States
                0x080003c8       0x84 ./STM32F103C6_Drivers/stm32f103c6_I2C_Driver.o
                0x080003c8                Slave_States
 .text.I2C1_EV_IRQHandler
                0x0800044c       0xa8 ./STM32F103C6_Drivers/stm32f103c6_I2C_Driver.o
                0x0800044c                I2C1_EV_IRQHandler
 .text.I2C2_ER_IRQHandler
                0x080004f4        0x2 ./STM32F103C6_Drivers/stm32f103c6_I2C_Driver.o
                0x080004f4                I2C2_ER_IRQHandler
 .text.I2C2_EV_IRQHandler
                0x080004f6        0x2 ./STM32F103C6_Drivers/stm32f103c6_I2C_Driver.o
                0x080004f6                I2C2_EV_IRQHandler
 .text.SPI1_IRQHandler
                0x080004f8       0x30 ./STM32F103C6_Drivers/stm32f103c6_SPI_Driver.o
                0x080004f8                SPI1_IRQHandler
 .text.SPI2_IRQHandler
                0x08000528       0x30 ./STM32F103C6_Drivers/stm32f103c6_SPI_Driver.o
                0x08000528                SPI2_IRQHandler
 .text.USART1_IRQHandler
                0x08000558       0x10 ./STM32F103C6_Drivers/stm32f103c6_USART_Driver.o
                0x08000558                USART1_IRQHandler
 .text.USART2_IRQHandler
                0x08000568       0x10 ./STM32F103C6_Drivers/stm32f103c6_USART_Driver.o
                0x08000568                USART2_IRQHandler
 .text.USART3_IRQHandler
                0x08000578       0x10 ./STM32F103C6_Drivers/stm32f103c6_USART_Driver.o
                0x08000578                USART3_IRQHandler
 .text.task_1   0x08000588        0x2 ./Src/main.o
                0x08000588                task_1
 .text.task_2   0x0800058a        0x2 ./Src/main.o
                0x0800058a                task_2
 .text.task_3   0x0800058c        0x2 ./Src/main.o
                0x0800058c                task_3
 *fill*         0x0800058e        0x2 
 .text.main     0x08000590       0xa4 ./Src/main.o
                0x08000590                main
 .text.Reset_Handler
                0x08000634       0x50 ./Startup/startup_stm32f103c6tx.o
                0x08000634                Reset_Handler
 .text.Default_Handler
                0x08000684        0x2 ./Startup/startup_stm32f103c6tx.o
                0x08000684                TIM8_TRG_COM_IRQHandler
                0x08000684                TIM8_CC_IRQHandler
                0x08000684                DebugMon_Handler
                0x08000684                TIM1_CC_IRQHandler
                0x08000684                TIM6_IRQHandler
                0x08000684                SysTick_Handler
                0x08000684                PVD_IRQHandler
                0x08000684                SDIO_IRQHandler
                0x08000684                NMI_Handler
                0x08000684                USB_HP_CAN_TX_IRQHandler
                0x08000684                UsageFault_Handler
                0x08000684                ADC1_2_IRQHandler
                0x08000684                CAN_SCE_IRQHandler
                0x08000684                TAMPER_IRQHandler
                0x08000684                TIM8_UP_IRQHandler
                0x08000684                DMA2_Channel2_IRQHandler
                0x08000684                DMA1_Channel4_IRQHandler
                0x08000684                RTC_IRQHandler
                0x08000684                DMA1_Channel7_IRQHandler
                0x08000684                UART5_IRQHandler
                0x08000684                ADC3_IRQHandler
                0x08000684                TIM4_IRQHandler
                0x08000684                CAN_RX1_IRQHandler
                0x08000684                DMA2_Channel1_IRQHandler
                0x08000684                DMA1_Channel6_IRQHandler
                0x08000684                UART4_IRQHandler
                0x08000684                TIM3_IRQHandler
                0x08000684                RCC_IRQHandler
                0x08000684                TIM1_TRG_COM_IRQHandler
                0x08000684                DMA1_Channel1_IRQHandler
                0x08000684                Default_Handler
                0x08000684                EXTI15_10_IRQHandler
                0x08000684                TIM7_IRQHandler
                0x08000684                TIM5_IRQHandler
                0x08000684                USB_LP_CAN_RX0_IRQHandler
                0x08000684                DMA1_Channel5_IRQHandler
                0x08000684                DMA1_Channel3_IRQHandler
                0x08000684                FSMC_IRQHandler
                0x08000684                TIM1_UP_IRQHandler
                0x08000684                WWDG_IRQHandler
                0x08000684                TIM2_IRQHandler
                0x08000684                TIM1_BRK_IRQHandler
                0x08000684                RTCAlarm_IRQHandler
                0x08000684                DMA2_Channel4_5_IRQHandler
                0x08000684                DMA1_Channel2_IRQHandler
                0x08000684                TIM8_BRK_IRQHandler
                0x08000684                FLASH_IRQHandler
                0x08000684                SPI3_IRQHandler
                0x08000684                DMA2_Channel3_IRQHandler
 *fill*         0x08000686        0x2 
 .text.__libc_init_array
                0x08000688       0x48 C:/ST/STM32CubeIDE_1.13.0/STM32CubeIDE/plugins/com.st.stm32cube.ide.mcu.externaltools.gnu-tools-for-stm32.12.3.rel1.win32_1.0.200.202406191623/tools/bin/../lib/gcc/arm-none-eabi/12.3.1/../../../../arm-none-eabi/lib/thumb/v7-m/nofp\libc_nano.a(libc_a-init.o)
                0x08000688                __libc_init_array
 *(.glue_7)
 .glue_7        0x080006d0        0x0 linker stubs
 *(.glue_7t)
 .glue_7t       0x080006d0        0x0 linker stubs
 *(.eh_frame)
 .eh_frame      0x080006d0        0x0 C:/ST/STM32CubeIDE_1.13.0/STM32CubeIDE/plugins/com.st.stm32cube.ide.mcu.externaltools.gnu-tools-for-stm32.12.3.rel1.win32_1.0.200.202406191623/tools/bin/../lib/gcc/arm-none-eabi/12.3.1/thumb/v7-m/nofp/crtbegin.o
 *(.init)
 .init          0x080006d0        0x4 C:/ST/STM32CubeIDE_1.13.0/STM32CubeIDE/plugins/com.st.stm32cube.ide.mcu.externaltools.gnu-tools-for-stm32.12.3.rel1.win32_1.0.200.202406191623/tools/bin/../lib/gcc/arm-none-eabi/12.3.1/thumb/v7-m/nofp/crti.o
                0x080006d0                _init
 .init          0x080006d4        0x8 C:/ST/STM32CubeIDE_1.13.0/STM32CubeIDE/plugins/com.st.stm32cube.ide.mcu.externaltools.gnu-tools-for-stm32.12.3.rel1.win32_1.0.200.202406191623/tools/bin/../lib/gcc/arm-none-eabi/12.3.1/thumb/v7-m/nofp/crtn.o
 *(.fini)
 .fini          0x080006dc        0x4 C:/ST/STM32CubeIDE_1.13.0/STM32CubeIDE/plugins/com.st.stm32cube.ide.mcu.externaltools.gnu-tools-for-stm32.12.3.rel1.win32_1.0.200.202406191623/tools/bin/../lib/gcc/arm-none-eabi/12.3.1/thumb/v7-m/nofp/crti.o
                0x080006dc                _fini
 .fini          0x080006e0        0x8 C:/ST/STM32CubeIDE_1.13.0/STM32CubeIDE/plugins/com.st.stm32cube.ide.mcu.externaltools.gnu-tools-for-stm32.12.3.rel1.win32_1.0.200.202406191623/tools/bin/../lib/gcc/arm-none-eabi/12.3.1/thumb/v7-m/nofp/crtn.o
                0x080006e8                        . = ALIGN (0x4)
                0x080006e8                        _etext = .

.vfp11_veneer   0x080006e8        0x0
 .vfp11_veneer  0x080006e8        0x0 linker stubs

.v4_bx          0x080006e8        0x0
 .v4_bx         0x080006e8        0x0 linker stubs

.iplt           0x080006e8        0x0
 .iplt          0x080006e8        0x0 C:/ST/STM32CubeIDE_1.13.0/STM32CubeIDE/plugins/com.st.stm32cube.ide.mcu.externaltools.gnu-tools-for-stm32.12.3.rel1.win32_1.0.200.202406191623/tools/bin/../lib/gcc/arm-none-eabi/12.3.1/thumb/v7-m/nofp/crtbegin.o

.rodata         0x080006e8       0x24
                0x080006e8                        . = ALIGN (0x4)
 *(.rodata)
 *(.rodata*)
 .rodata.MYRTOS_Init.str1.4
                0x080006e8        0xa ./RTOS/Schedular.o
 *fill*         0x080006f2        0x2 
 .rodata.main.str1.4
                0x080006f4       0x17 ./Src/main.o
                0x0800070c                        . = ALIGN (0x4)
 *fill*         0x0800070b        0x1 

.ARM.extab      0x0800070c        0x0
                0x0800070c                        . = ALIGN (0x4)
 *(.ARM.extab* .gnu.linkonce.armextab.*)
                0x0800070c                        . = ALIGN (0x4)

.ARM            0x0800070c        0x0
                0x0800070c                        . = ALIGN (0x4)
                0x0800070c                        __exidx_start = .
 *(.ARM.exidx*)
                0x0800070c                        __exidx_end = .
                0x0800070c                        . = ALIGN (0x4)

.preinit_array  0x0800070c        0x0
                0x0800070c                        . = ALIGN (0x4)
                0x0800070c                        PROVIDE (__preinit_array_start = .)
 *(.preinit_array*)
                0x0800070c                        PROVIDE (__preinit_array_end = .)
                0x0800070c                        . = ALIGN (0x4)

.init_array     0x0800070c        0x4
                0x0800070c                        . = ALIGN (0x4)
                0x0800070c                        PROVIDE (__init_array_start = .)
 *(SORT_BY_NAME(.init_array.*))
 *(.init_array*)
 .init_array    0x0800070c        0x4 C:/ST/STM32CubeIDE_1.13.0/STM32CubeIDE/plugins/com.st.stm32cube.ide.mcu.externaltools.gnu-tools-for-stm32.12.3.rel1.win32_1.0.200.202406191623/tools/bin/../lib/gcc/arm-none-eabi/12.3.1/thumb/v7-m/nofp/crtbegin.o
                0x08000710                        PROVIDE (__init_array_end = .)
                0x08000710                        . = ALIGN (0x4)

.fini_array     0x08000710        0x4
                0x08000710                        . = ALIGN (0x4)
                [!provide]                        PROVIDE (__fini_array_start = .)
 *(SORT_BY_NAME(.fini_array.*))
 *(.fini_array*)
 .fini_array    0x08000710        0x4 C:/ST/STM32CubeIDE_1.13.0/STM32CubeIDE/plugins/com.st.stm32cube.ide.mcu.externaltools.gnu-tools-for-stm32.12.3.rel1.win32_1.0.200.202406191623/tools/bin/../lib/gcc/arm-none-eabi/12.3.1/thumb/v7-m/nofp/crtbegin.o
                [!provide]                        PROVIDE (__fini_array_end = .)
                0x08000714                        . = ALIGN (0x4)
                0x08000714                        _sidata = LOADADDR (.data)

.rel.dyn        0x08000714        0x0
 .rel.iplt      0x08000714        0x0 C:/ST/STM32CubeIDE_1.13.0/STM32CubeIDE/plugins/com.st.stm32cube.ide.mcu.externaltools.gnu-tools-for-stm32.12.3.rel1.win32_1.0.200.202406191623/tools/bin/../lib/gcc/arm-none-eabi/12.3.1/thumb/v7-m/nofp/crtbegin.o

.data           0x20000000        0x0 load address 0x08000714
                0x20000000                        . = ALIGN (0x4)
                0x20000000                        _sdata = .
 *(.data)
 *(.data*)
 *(.RamFunc)
 *(.RamFunc*)
                0x20000000                        . = ALIGN (0x4)
                0x20000000                        _edata = .

.igot.plt       0x20000000        0x0 load address 0x08000714
 .igot.plt      0x20000000        0x0 C:/ST/STM32CubeIDE_1.13.0/STM32CubeIDE/plugins/com.st.stm32cube.ide.mcu.externaltools.gnu-tools-for-stm32.12.3.rel1.win32_1.0.200.202406191623/tools/bin/../lib/gcc/arm-none-eabi/12.3.1/thumb/v7-m/nofp/crtbegin.o
                0x20000000                        . = ALIGN (0x4)

.bss            0x20000000      0x514 load address 0x08000714
                0x20000000                        _sbss = .
                0x20000000                        __bss_start__ = _sbss
 *(.bss)
 .bss           0x20000000       0x1c C:/ST/STM32CubeIDE_1.13.0/STM32CubeIDE/plugins/com.st.stm32cube.ide.mcu.externaltools.gnu-tools-for-stm32.12.3.rel1.win32_1.0.200.202406191623/tools/bin/../lib/gcc/arm-none-eabi/12.3.1/thumb/v7-m/nofp/crtbegin.o
 *(.bss*)
 .bss.IDLE_Task
                0x2000001c       0x44 ./RTOS/Schedular.o
                0x2000001c                IDLE_Task
 .bss.Ready_Queue_FIFO
                0x20000060      0x190 ./RTOS/Schedular.o
                0x20000060                Ready_Queue_FIFO
 .bss.Ready_Queue
                0x200001f0       0x14 ./RTOS/Schedular.o
                0x200001f0                Ready_Queue
 .bss.OS_Control
                0x20000204      0x1ac ./RTOS/Schedular.o
                0x20000204                OS_Control
 .bss.G_IRQ_Callback
                0x200003b0       0x40 ./STM32F103C6_Drivers/stm32f103c6_EXTI_Driver.o
                0x200003b0                G_IRQ_Callback
 .bss.Global_I2C_Config
                0x200003f0       0x48 ./STM32F103C6_Drivers/stm32f103c6_I2C_Driver.o
                0x200003f0                Global_I2C_Config
 .bss.Global_SPI_Config
                0x20000438        0x8 ./STM32F103C6_Drivers/stm32f103c6_SPI_Driver.o
                0x20000438                Global_SPI_Config
 .bss.Global_UART_Config
                0x20000440        0x4 ./STM32F103C6_Drivers/stm32f103c6_USART_Driver.o
                0x20000440                Global_UART_Config
 .bss.error     0x20000444        0x1 ./Src/main.o
                0x20000444                error
 *fill*         0x20000445        0x3 
 .bss.task3     0x20000448       0x44 ./Src/main.o
                0x20000448                task3
 .bss.task2     0x2000048c       0x44 ./Src/main.o
                0x2000048c                task2
 .bss.task1     0x200004d0       0x44 ./Src/main.o
                0x200004d0                task1
 *(COMMON)
                0x20000514                        . = ALIGN (0x4)
                0x20000514                        _ebss = .
                0x20000514                        __bss_end__ = _ebss

._user_heap_stack
                0x20000514      0x604 load address 0x08000714
                0x20000518                        . = ALIGN (0x8)
 *fill*         0x20000514        0x4 
                [!provide]                        PROVIDE (end = .)
                0x20000518                        PROVIDE (_end = .)
                0x20000518                        PROVIDE (_eheap = _end)
                0x20000718                        . = (. + _Min_Heap_Size)
 *fill*         0x20000518      0x200 
                0x20000b18                        . = (. + _Min_Stack_Size)
 *fill*         0x20000718      0x400 
                0x20000b18                        . = ALIGN (0x8)

/DISCARD/
 libc.a(*)
 libm.a(*)
 libgcc.a(*)

.ARM.attributes
                0x00000000       0x29
 *(.ARM.attributes)
 .ARM.attributes
                0x00000000       0x1d C:/ST/STM32CubeIDE_1.13.0/STM32CubeIDE/plugins/com.st.stm32cube.ide.mcu.externaltools.gnu-tools-for-stm32.12.3.rel1.win32_1.0.200.202406191623/tools/bin/../lib/gcc/arm-none-eabi/12.3.1/thumb/v7-m/nofp/crti.o
 .ARM.attributes
                0x0000001d       0x2d C:/ST/STM32CubeIDE_1.13.0/STM32CubeIDE/plugins/com.st.stm32cube.ide.mcu.externaltools.gnu-tools-for-stm32.12.3.rel1.win32_1.0.200.202406191623/tools/bin/../lib/gcc/arm-none-eabi/12.3.1/thumb/v7-m/nofp/crtbegin.o
 .ARM.attributes
                0x0000004a       0x2d ./RTOS/CortexMX_Os_Porting.o
 .ARM.attributes
                0x00000077       0x2d ./RTOS/RTOS_FIFO.o
 .ARM.attributes
                0x000000a4       0x2d ./RTOS/Schedular.o
 .ARM.attributes
                0x000000d1       0x2d ./STM32F103C6_Drivers/stm32f103c6_EXTI_Driver.o
 .ARM.attributes
                0x000000fe       0x2d ./STM32F103C6_Drivers/stm32f103c6_I2C_Driver.o
 .ARM.attributes
                0x0000012b       0x2d ./STM32F103C6_Drivers/stm32f103c6_SPI_Driver.o
 .ARM.attributes
                0x00000158       0x2d ./STM32F103C6_Drivers/stm32f103c6_USART_Driver.o
 .ARM.attributes
                0x00000185       0x2d ./Src/main.o
 .ARM.attributes
                0x000001b2       0x21 ./Startup/startup_stm32f103c6tx.o
 .ARM.attributes
                0x000001d3       0x2d C:/ST/STM32CubeIDE_1.13.0/STM32CubeIDE/plugins/com.st.stm32cube.ide.mcu.externaltools.gnu-tools-for-stm32.12.3.rel1.win32_1.0.200.202406191623/tools/bin/../lib/gcc/arm-none-eabi/12.3.1/../../../../arm-none-eabi/lib/thumb/v7-m/nofp\libc_nano.a(libc_a-init.o)
 .ARM.attributes
                0x00000200       0x1d C:/ST/STM32CubeIDE_1.13.0/STM32CubeIDE/plugins/com.st.stm32cube.ide.mcu.externaltools.gnu-tools-for-stm32.12.3.rel1.win32_1.0.200.202406191623/tools/bin/../lib/gcc/arm-none-eabi/12.3.1/thumb/v7-m/nofp/crtn.o
OUTPUT(Stm32.elf elf32-littlearm)
LOAD linker stubs
LOAD C:/ST/STM32CubeIDE_1.13.0/STM32CubeIDE/plugins/com.st.stm32cube.ide.mcu.externaltools.gnu-tools-for-stm32.12.3.rel1.win32_1.0.200.202406191623/tools/bin/../lib/gcc/arm-none-eabi/12.3.1/../../../../arm-none-eabi/lib/thumb/v7-m/nofp\libc.a
LOAD C:/ST/STM32CubeIDE_1.13.0/STM32CubeIDE/plugins/com.st.stm32cube.ide.mcu.externaltools.gnu-tools-for-stm32.12.3.rel1.win32_1.0.200.202406191623/tools/bin/../lib/gcc/arm-none-eabi/12.3.1/../../../../arm-none-eabi/lib/thumb/v7-m/nofp\libm.a
LOAD C:/ST/STM32CubeIDE_1.13.0/STM32CubeIDE/plugins/com.st.stm32cube.ide.mcu.externaltools.gnu-tools-for-stm32.12.3.rel1.win32_1.0.200.202406191623/tools/bin/../lib/gcc/arm-none-eabi/12.3.1/thumb/v7-m/nofp\libgcc.a

.debug_info     0x00000000     0x30e8
 .debug_info    0x00000000       0xb8 ./RTOS/CortexMX_Os_Porting.o
 .debug_info    0x000000b8      0x398 ./RTOS/RTOS_FIFO.o
 .debug_info    0x00000450      0x588 ./RTOS/Schedular.o
 .debug_info    0x000009d8      0x584 ./STM32F103C6_Drivers/stm32f103c6_EXTI_Driver.o
 .debug_info    0x00000f5c      0xef5 ./STM32F103C6_Drivers/stm32f103c6_I2C_Driver.o
 .debug_info    0x00001e51      0x8c8 ./STM32F103C6_Drivers/stm32f103c6_SPI_Driver.o
 .debug_info    0x00002719      0x67d ./STM32F103C6_Drivers/stm32f103c6_USART_Driver.o
 .debug_info    0x00002d96      0x322 ./Src/main.o
 .debug_info    0x000030b8       0x30 ./Startup/startup_stm32f103c6tx.o

.debug_abbrev   0x00000000      0xd9a
 .debug_abbrev  0x00000000       0x56 ./RTOS/CortexMX_Os_Porting.o
 .debug_abbrev  0x00000056      0x117 ./RTOS/RTOS_FIFO.o
 .debug_abbrev  0x0000016d      0x216 ./RTOS/Schedular.o
 .debug_abbrev  0x00000383      0x1c4 ./STM32F103C6_Drivers/stm32f103c6_EXTI_Driver.o
 .debug_abbrev  0x00000547      0x2f6 ./STM32F103C6_Drivers/stm32f103c6_I2C_Driver.o
 .debug_abbrev  0x0000083d      0x202 ./STM32F103C6_Drivers/stm32f103c6_SPI_Driver.o
 .debug_abbrev  0x00000a3f      0x1f0 ./STM32F103C6_Drivers/stm32f103c6_USART_Driver.o
 .debug_abbrev  0x00000c2f      0x14e ./Src/main.o
 .debug_abbrev  0x00000d7d       0x1d ./Startup/startup_stm32f103c6tx.o

.debug_aranges  0x00000000      0x318
 .debug_aranges
                0x00000000       0x48 ./RTOS/CortexMX_Os_Porting.o
 .debug_aranges
                0x00000048       0x40 ./RTOS/RTOS_FIFO.o
 .debug_aranges
                0x00000088       0x58 ./RTOS/Schedular.o
 .debug_aranges
                0x000000e0       0x80 ./STM32F103C6_Drivers/stm32f103c6_EXTI_Driver.o
 .debug_aranges
                0x00000160       0xa0 ./STM32F103C6_Drivers/stm32f103c6_I2C_Driver.o
 .debug_aranges
                0x00000200       0x58 ./STM32F103C6_Drivers/stm32f103c6_SPI_Driver.o
 .debug_aranges
                0x00000258       0x60 ./STM32F103C6_Drivers/stm32f103c6_USART_Driver.o
 .debug_aranges
                0x000002b8       0x38 ./Src/main.o
 .debug_aranges
                0x000002f0       0x28 ./Startup/startup_stm32f103c6tx.o

.debug_ranges   0x00000000      0x2a8
 .debug_ranges  0x00000000       0x38 ./RTOS/CortexMX_Os_Porting.o
 .debug_ranges  0x00000038       0x30 ./RTOS/RTOS_FIFO.o
 .debug_ranges  0x00000068       0x60 ./RTOS/Schedular.o
 .debug_ranges  0x000000c8       0x70 ./STM32F103C6_Drivers/stm32f103c6_EXTI_Driver.o
 .debug_ranges  0x00000138       0x90 ./STM32F103C6_Drivers/stm32f103c6_I2C_Driver.o
 .debug_ranges  0x000001c8       0x48 ./STM32F103C6_Drivers/stm32f103c6_SPI_Driver.o
 .debug_ranges  0x00000210       0x50 ./STM32F103C6_Drivers/stm32f103c6_USART_Driver.o
 .debug_ranges  0x00000260       0x28 ./Src/main.o
 .debug_ranges  0x00000288       0x20 ./Startup/startup_stm32f103c6tx.o

.debug_macro    0x00000000     0x24d6
 .debug_macro   0x00000000       0x1a ./RTOS/CortexMX_Os_Porting.o
 .debug_macro   0x0000001a       0x34 ./RTOS/CortexMX_Os_Porting.o
 .debug_macro   0x0000004e      0x240 ./RTOS/RTOS_FIFO.o
 .debug_macro   0x0000028e       0x16 ./RTOS/RTOS_FIFO.o
 .debug_macro   0x000002a4       0x20 ./RTOS/RTOS_FIFO.o
 .debug_macro   0x000002c4       0x28 ./RTOS/RTOS_FIFO.o
 .debug_macro   0x000002ec       0x1c ./RTOS/RTOS_FIFO.o
 .debug_macro   0x00000308       0x22 ./RTOS/RTOS_FIFO.o
 .debug_macro   0x0000032a       0xeb ./RTOS/RTOS_FIFO.o
 .debug_macro   0x00000415      0xe74 ./RTOS/RTOS_FIFO.o
 .debug_macro   0x00001289      0x11f ./RTOS/RTOS_FIFO.o
 .debug_macro   0x000013a8      0x248 ./RTOS/Schedular.o
 .debug_macro   0x000015f0      0x189 ./RTOS/Schedular.o
 .debug_macro   0x00001779       0x10 ./RTOS/Schedular.o
 .debug_macro   0x00001789       0x1c ./RTOS/Schedular.o
 .debug_macro   0x000017a5       0x1c ./RTOS/Schedular.o
 .debug_macro   0x000017c1      0x1aa ./STM32F103C6_Drivers/stm32f103c6_EXTI_Driver.o
 .debug_macro   0x0000196b      0x207 ./STM32F103C6_Drivers/stm32f103c6_EXTI_Driver.o
 .debug_macro   0x00001b72      0x1b9 ./STM32F103C6_Drivers/stm32f103c6_I2C_Driver.o
 .debug_macro   0x00001d2b       0x16 ./STM32F103C6_Drivers/stm32f103c6_I2C_Driver.o
 .debug_macro   0x00001d41       0x56 ./STM32F103C6_Drivers/stm32f103c6_I2C_Driver.o
 .debug_macro   0x00001d97      0x1be ./STM32F103C6_Drivers/stm32f103c6_SPI_Driver.o
 .debug_macro   0x00001f55       0xc2 ./STM32F103C6_Drivers/stm32f103c6_SPI_Driver.o
 .debug_macro   0x00002017      0x1b3 ./STM32F103C6_Drivers/stm32f103c6_USART_Driver.o
 .debug_macro   0x000021ca       0xe2 ./STM32F103C6_Drivers/stm32f103c6_USART_Driver.o
 .debug_macro   0x000022ac      0x22a ./Src/main.o

.debug_line     0x00000000     0x48da
 .debug_line    0x00000000      0x12f ./RTOS/CortexMX_Os_Porting.o
 .debug_line    0x0000012f      0x8f5 ./RTOS/RTOS_FIFO.o
 .debug_line    0x00000a24      0x945 ./RTOS/Schedular.o
 .debug_line    0x00001369      0xaf3 ./STM32F103C6_Drivers/stm32f103c6_EXTI_Driver.o
 .debug_line    0x00001e5c      0xdb3 ./STM32F103C6_Drivers/stm32f103c6_I2C_Driver.o
 .debug_line    0x00002c0f      0xab8 ./STM32F103C6_Drivers/stm32f103c6_SPI_Driver.o
 .debug_line    0x000036c7      0x93e ./STM32F103C6_Drivers/stm32f103c6_USART_Driver.o
 .debug_line    0x00004005      0x851 ./Src/main.o
 .debug_line    0x00004856       0x84 ./Startup/startup_stm32f103c6tx.o

.debug_str      0x00000000    0x13710
 .debug_str     0x00000000     0x308c ./RTOS/CortexMX_Os_Porting.o
                               0x3099 (size before relaxing)
 .debug_str     0x0000308c     0xd7fb ./RTOS/RTOS_FIFO.o
                              0x10a29 (size before relaxing)
 .debug_str     0x00010887      0x1c9 ./RTOS/Schedular.o
                              0x10b9d (size before relaxing)
 .debug_str     0x00010a50     0x156b ./STM32F103C6_Drivers/stm32f103c6_EXTI_Driver.o
                               0xb601 (size before relaxing)
 .debug_str     0x00011fbb      0x71c ./STM32F103C6_Drivers/stm32f103c6_I2C_Driver.o
                               0xa879 (size before relaxing)
 .debug_str     0x000126d7      0x7fa ./STM32F103C6_Drivers/stm32f103c6_SPI_Driver.o
                               0xa985 (size before relaxing)
 .debug_str     0x00012ed1      0x7b7 ./STM32F103C6_Drivers/stm32f103c6_USART_Driver.o
                               0xa9df (size before relaxing)
 .debug_str     0x00013688       0x49 ./Src/main.o
                              0x109e6 (size before relaxing)
 .debug_str     0x000136d1       0x3f ./Startup/startup_stm32f103c6tx.o
                                 0x7a (size before relaxing)

.comment        0x00000000       0x43
 .comment       0x00000000       0x43 ./RTOS/CortexMX_Os_Porting.o
                                 0x44 (size before relaxing)
 .comment       0x00000043       0x44 ./RTOS/RTOS_FIFO.o
 .comment       0x00000043       0x44 ./RTOS/Schedular.o
 .comment       0x00000043       0x44 ./STM32F103C6_Drivers/stm32f103c6_EXTI_Driver.o
 .comment       0x00000043       0x44 ./STM32F103C6_Drivers/stm32f103c6_I2C_Driver.o
 .comment       0x00000043       0x44 ./STM32F103C6_Drivers/stm32f103c6_SPI_Driver.o
 .comment       0x00000043       0x44 ./STM32F103C6_Drivers/stm32f103c6_USART_Driver.o
 .comment       0x00000043       0x44 ./Src/main.o

.debug_frame    0x00000000      0x678
 .debug_frame   0x00000000       0x70 ./RTOS/CortexMX_Os_Porting.o
 .debug_frame   0x00000070       0x60 ./RTOS/RTOS_FIFO.o
 .debug_frame   0x000000d0       0xb4 ./RTOS/Schedular.o
 .debug_frame   0x00000184      0x13c ./STM32F103C6_Drivers/stm32f103c6_EXTI_Driver.o
 .debug_frame   0x000002c0      0x188 ./STM32F103C6_Drivers/stm32f103c6_I2C_Driver.o
 .debug_frame   0x00000448       0xd8 ./STM32F103C6_Drivers/stm32f103c6_SPI_Driver.o
 .debug_frame   0x00000520       0xd4 ./STM32F103C6_Drivers/stm32f103c6_USART_Driver.o
 .debug_frame   0x000005f4       0x58 ./Src/main.o
 .debug_frame   0x0000064c       0x2c C:/ST/STM32CubeIDE_1.13.0/STM32CubeIDE/plugins/com.st.stm32cube.ide.mcu.externaltools.gnu-tools-for-stm32.12.3.rel1.win32_1.0.200.202406191623/tools/bin/../lib/gcc/arm-none-eabi/12.3.1/../../../../arm-none-eabi/lib/thumb/v7-m/nofp\libc_nano.a(libc_a-init.o)

.debug_loc      0x00000000     0x1ab8
 .debug_loc     0x00000000      0x21a ./RTOS/RTOS_FIFO.o
 .debug_loc     0x0000021a      0x17c ./RTOS/Schedular.o
 .debug_loc     0x00000396      0x228 ./STM32F103C6_Drivers/stm32f103c6_EXTI_Driver.o
 .debug_loc     0x000005be      0xe4f ./STM32F103C6_Drivers/stm32f103c6_I2C_Driver.o
 .debug_loc     0x0000140d      0x479 ./STM32F103C6_Drivers/stm32f103c6_SPI_Driver.o
 .debug_loc     0x00001886      0x212 ./STM32F103C6_Drivers/stm32f103c6_USART_Driver.o
 .debug_loc     0x00001a98       0x20 ./Src/main.o
