../STM32F103C6_Drivers/stm32f103c6_SPI_Driver.c:41:6:MCAL_SPI_Init	0	static
../STM32F103C6_Drivers/stm32f103c6_SPI_Driver.c:118:6:MCAL_SPI_DeInit	0	static
../STM32F103C6_Drivers/stm32f103c6_SPI_Driver.c:135:6:MCAL_SPI_TX_RX	0	static
../STM32F103C6_Drivers/stm32f103c6_SPI_Driver.c:143:6:MCAL_SPI_SendData	4	static
../STM32F103C6_Drivers/stm32f103c6_SPI_Driver.c:161:6:MCAL_SPI_ReceiveData	4	static
../STM32F103C6_Drivers/stm32f103c6_SPI_Driver.c:185:6:SPI1_IRQHandler	8	static
../STM32F103C6_Drivers/stm32f103c6_SPI_Driver.c:195:6:SPI2_IRQHandler	8	static
../STM32F103C6_Drivers/stm32f103c6_SPI_Driver.c:205:6:MCAL_SPI_GPIO_Set_Pins	24	static
