
There are no discarded input sections

Memory Configuration

Name             Origin             Length             Attributes
Flash            0x08000000         0x00020000         xr
Sram             0x20000000         0x00010000         xrw
*default*        0x00000000         0xffffffff

Linker script and memory map

LOAD startup.o
LOAD main.o
LOAD driver.o

.text           0x08000000      0x1c0
 *(.vector)
 .vector        0x08000000       0x40 startup.o
                0x08000000                Vectors
 *(.text)
 .text          0x08000040       0x84 startup.o
                0x08000040                DebugMon_Handler
                0x08000040                HardFault_Handler
                0x08000040                SysTick_Handler
                0x08000040                PendSV_Handler
                0x08000040                NMI_Handler
                0x08000040                UsageFault_Handler
                0x08000040                SVC_Handler
                0x08000040                Default_Handler
                0x08000040                MemManage_Handler
                0x08000040                BusFault_Handler
                0x08000046                Reset_Handler
 .text          0x080000c4       0x36 main.o
                0x080000c4                main
 *fill*         0x080000fa        0x2 
 .text          0x080000fc       0xc4 driver.o
                0x080000fc                Delay
                0x0800011e                getPressureVal
                0x08000134                Set_Alarm_actuator
                0x08000170                GPIO_INITIALIZATION
 *(.rodata)
                0x080001c0                        _E_text = .
                0x080001c0                        . = ALIGN (0x4)

.glue_7         0x080001c0        0x0
 .glue_7        0x080001c0        0x0 linker stubs

.glue_7t        0x080001c0        0x0
 .glue_7t       0x080001c0        0x0 linker stubs

.vfp11_veneer   0x080001c0        0x0
 .vfp11_veneer  0x080001c0        0x0 linker stubs

.v4_bx          0x080001c0        0x0
 .v4_bx         0x080001c0        0x0 linker stubs

.iplt           0x080001c0        0x0
 .iplt          0x080001c0        0x0 startup.o

.rel.dyn        0x080001c0        0x0
 .rel.iplt      0x080001c0        0x0 startup.o

.data           0x20000000        0x0 load address 0x080001c0
                0x20000000                        _S_data = .
 *(.data)
 .data          0x20000000        0x0 startup.o
 .data          0x20000000        0x0 main.o
 .data          0x20000000        0x0 driver.o
                0x20000000                        _E_data = .
                0x20000000                        . = ALIGN (0x4)

.igot.plt       0x20000000        0x0 load address 0x080001c0
 .igot.plt      0x20000000        0x0 startup.o

.bss            0x20000000        0x0 load address 0x080001c0
                0x20000000                        _S_bss = .
 *(.bss)
 .bss           0x20000000        0x0 startup.o
 .bss           0x20000000        0x0 main.o
 .bss           0x20000000        0x0 driver.o
                0x20000000                        _E_bss = .
                0x20000000                        . = ALIGN (0x4)
OUTPUT(executable.elf elf32-littlearm)
LOAD linker stubs

.debug_info     0x00000000      0x39d
 .debug_info    0x00000000      0x199 startup.o
 .debug_info    0x00000199       0xf2 main.o
 .debug_info    0x0000028b      0x112 driver.o

.debug_abbrev   0x00000000      0x261
 .debug_abbrev  0x00000000      0x100 startup.o
 .debug_abbrev  0x00000100       0x9e main.o
 .debug_abbrev  0x0000019e       0xc3 driver.o

.debug_loc      0x00000000      0x1dc
 .debug_loc     0x00000000       0x64 startup.o
 .debug_loc     0x00000064       0x38 main.o
 .debug_loc     0x0000009c      0x140 driver.o

.debug_aranges  0x00000000       0x60
 .debug_aranges
                0x00000000       0x20 startup.o
 .debug_aranges
                0x00000020       0x20 main.o
 .debug_aranges
                0x00000040       0x20 driver.o

.debug_line     0x00000000      0x336
 .debug_line    0x00000000      0x175 startup.o
 .debug_line    0x00000175       0x59 main.o
 .debug_line    0x000001ce      0x168 driver.o

.debug_str      0x00000000      0x1d9
 .debug_str     0x00000000      0x1d9 startup.o
                                0x1ae (size before relaxing)
 .debug_str     0x000001d9      0x197 main.o
 .debug_str     0x000001d9      0x1a6 driver.o

.comment        0x00000000       0x44
 .comment       0x00000000       0x44 startup.o
                                 0x45 (size before relaxing)
 .comment       0x00000044       0x45 main.o
 .comment       0x00000044       0x45 driver.o

.ARM.attributes
                0x00000000       0x2d
 .ARM.attributes
                0x00000000       0x2d startup.o
 .ARM.attributes
                0x0000002d       0x2d main.o
 .ARM.attributes
                0x0000005a       0x2d driver.o

.debug_frame    0x00000000      0x118
 .debug_frame   0x00000000       0x48 startup.o
 .debug_frame   0x00000048       0x30 main.o
 .debug_frame   0x00000078       0xa0 driver.o
