Archive member included to satisfy reference by file (symbol)

C:/ST/STM32CubeIDE_1.13.0/STM32CubeIDE/plugins/com.st.stm32cube.ide.mcu.externaltools.gnu-tools-for-stm32.12.3.rel1.win32_1.0.200.202406191623/tools/bin/../lib/gcc/arm-none-eabi/12.3.1/../../../../arm-none-eabi/lib/thumb/v7-m/nofp\libc_nano.a(libc_a-exit.o)
                              C:/ST/STM32CubeIDE_1.13.0/STM32CubeIDE/plugins/com.st.stm32cube.ide.mcu.externaltools.gnu-tools-for-stm32.12.3.rel1.win32_1.0.200.202406191623/tools/bin/../lib/gcc/arm-none-eabi/12.3.1/../../../../arm-none-eabi/lib/thumb/v7-m/nofp/crt0.o (exit)
C:/ST/STM32CubeIDE_1.13.0/STM32CubeIDE/plugins/com.st.stm32cube.ide.mcu.externaltools.gnu-tools-for-stm32.12.3.rel1.win32_1.0.200.202406191623/tools/bin/../lib/gcc/arm-none-eabi/12.3.1/../../../../arm-none-eabi/lib/thumb/v7-m/nofp\libc_nano.a(libc_a-findfp.o)
                              C:/ST/STM32CubeIDE_1.13.0/STM32CubeIDE/plugins/com.st.stm32cube.ide.mcu.externaltools.gnu-tools-for-stm32.12.3.rel1.win32_1.0.200.202406191623/tools/bin/../lib/gcc/arm-none-eabi/12.3.1/../../../../arm-none-eabi/lib/thumb/v7-m/nofp\libc_nano.a(libc_a-exit.o) (__stdio_exit_handler)
C:/ST/STM32CubeIDE_1.13.0/STM32CubeIDE/plugins/com.st.stm32cube.ide.mcu.externaltools.gnu-tools-for-stm32.12.3.rel1.win32_1.0.200.202406191623/tools/bin/../lib/gcc/arm-none-eabi/12.3.1/../../../../arm-none-eabi/lib/thumb/v7-m/nofp\libc_nano.a(libc_a-fwalk.o)
                              C:/ST/STM32CubeIDE_1.13.0/STM32CubeIDE/plugins/com.st.stm32cube.ide.mcu.externaltools.gnu-tools-for-stm32.12.3.rel1.win32_1.0.200.202406191623/tools/bin/../lib/gcc/arm-none-eabi/12.3.1/../../../../arm-none-eabi/lib/thumb/v7-m/nofp\libc_nano.a(libc_a-findfp.o) (_fwalk_sglue)
C:/ST/STM32CubeIDE_1.13.0/STM32CubeIDE/plugins/com.st.stm32cube.ide.mcu.externaltools.gnu-tools-for-stm32.12.3.rel1.win32_1.0.200.202406191623/tools/bin/../lib/gcc/arm-none-eabi/12.3.1/../../../../arm-none-eabi/lib/thumb/v7-m/nofp\libc_nano.a(libc_a-stdio.o)
                              C:/ST/STM32CubeIDE_1.13.0/STM32CubeIDE/plugins/com.st.stm32cube.ide.mcu.externaltools.gnu-tools-for-stm32.12.3.rel1.win32_1.0.200.202406191623/tools/bin/../lib/gcc/arm-none-eabi/12.3.1/../../../../arm-none-eabi/lib/thumb/v7-m/nofp\libc_nano.a(libc_a-findfp.o) (__sread)
C:/ST/STM32CubeIDE_1.13.0/STM32CubeIDE/plugins/com.st.stm32cube.ide.mcu.externaltools.gnu-tools-for-stm32.12.3.rel1.win32_1.0.200.202406191623/tools/bin/../lib/gcc/arm-none-eabi/12.3.1/../../../../arm-none-eabi/lib/thumb/v7-m/nofp\libc_nano.a(libc_a-memset.o)
                              C:/ST/STM32CubeIDE_1.13.0/STM32CubeIDE/plugins/com.st.stm32cube.ide.mcu.externaltools.gnu-tools-for-stm32.12.3.rel1.win32_1.0.200.202406191623/tools/bin/../lib/gcc/arm-none-eabi/12.3.1/../../../../arm-none-eabi/lib/thumb/v7-m/nofp/crt0.o (memset)
C:/ST/STM32CubeIDE_1.13.0/STM32CubeIDE/plugins/com.st.stm32cube.ide.mcu.externaltools.gnu-tools-for-stm32.12.3.rel1.win32_1.0.200.202406191623/tools/bin/../lib/gcc/arm-none-eabi/12.3.1/../../../../arm-none-eabi/lib/thumb/v7-m/nofp\libc_nano.a(libc_a-closer.o)
                              C:/ST/STM32CubeIDE_1.13.0/STM32CubeIDE/plugins/com.st.stm32cube.ide.mcu.externaltools.gnu-tools-for-stm32.12.3.rel1.win32_1.0.200.202406191623/tools/bin/../lib/gcc/arm-none-eabi/12.3.1/../../../../arm-none-eabi/lib/thumb/v7-m/nofp\libc_nano.a(libc_a-stdio.o) (_close_r)
C:/ST/STM32CubeIDE_1.13.0/STM32CubeIDE/plugins/com.st.stm32cube.ide.mcu.externaltools.gnu-tools-for-stm32.12.3.rel1.win32_1.0.200.202406191623/tools/bin/../lib/gcc/arm-none-eabi/12.3.1/../../../../arm-none-eabi/lib/thumb/v7-m/nofp\libc_nano.a(libc_a-reent.o)
                              C:/ST/STM32CubeIDE_1.13.0/STM32CubeIDE/plugins/com.st.stm32cube.ide.mcu.externaltools.gnu-tools-for-stm32.12.3.rel1.win32_1.0.200.202406191623/tools/bin/../lib/gcc/arm-none-eabi/12.3.1/../../../../arm-none-eabi/lib/thumb/v7-m/nofp\libc_nano.a(libc_a-closer.o) (errno)
C:/ST/STM32CubeIDE_1.13.0/STM32CubeIDE/plugins/com.st.stm32cube.ide.mcu.externaltools.gnu-tools-for-stm32.12.3.rel1.win32_1.0.200.202406191623/tools/bin/../lib/gcc/arm-none-eabi/12.3.1/../../../../arm-none-eabi/lib/thumb/v7-m/nofp\libc_nano.a(libc_a-impure.o)
                              C:/ST/STM32CubeIDE_1.13.0/STM32CubeIDE/plugins/com.st.stm32cube.ide.mcu.externaltools.gnu-tools-for-stm32.12.3.rel1.win32_1.0.200.202406191623/tools/bin/../lib/gcc/arm-none-eabi/12.3.1/../../../../arm-none-eabi/lib/thumb/v7-m/nofp\libc_nano.a(libc_a-reent.o) (_impure_ptr)
C:/ST/STM32CubeIDE_1.13.0/STM32CubeIDE/plugins/com.st.stm32cube.ide.mcu.externaltools.gnu-tools-for-stm32.12.3.rel1.win32_1.0.200.202406191623/tools/bin/../lib/gcc/arm-none-eabi/12.3.1/../../../../arm-none-eabi/lib/thumb/v7-m/nofp\libc_nano.a(libc_a-lseekr.o)
[...]
Memory Configuration

Name             Origin             Length             Attributes
RAM              0x20000000         0x00002800         xrw
FLASH            0x08000000         0x00008000         xr
*default*        0x00000000         0xffffffff

Linker script and memory map

LOAD C:/ST/STM32CubeIDE_1.13.0/STM32CubeIDE/plugins/com.st.stm32cube.ide.mcu.externaltools.gnu-tools-for-stm32.12.3.rel1.win32_1.0.200.202406191623/tools/bin/../lib/gcc/arm-none-eabi/12.3.1/thumb/v7-m/nofp/crti.o
LOAD C:/ST/STM32CubeIDE_1.13.0/STM32CubeIDE/plugins/com.st.stm32cube.ide.mcu.externaltools.gnu-tools-for-stm32.12.3.rel1.win32_1.0.200.202406191623/tools/bin/../lib/gcc/arm-none-eabi/12.3.1/thumb/v7-m/nofp/crtbegin.o
LOAD C:/ST/STM32CubeIDE_1.13.0/STM32CubeIDE/plugins/com.st.stm32cube.ide.mcu.externaltools.gnu-tools-for-stm32.12.3.rel1.win32_1.0.200.202406191623/tools/bin/../lib/gcc/arm-none-eabi/12.3.1/../../../../arm-none-eabi/lib/thumb/v7-m/nofp/crt0.o
LOAD ./HAL/keypad.o
LOAD ./HAL/lcd.o
LOAD ./STM32F103C6_Drivers/GPIO/stm32f103c6_gpio.o
LOAD ./STM32F103C6_Drivers/stm32f013c6_RCC_Driver.o
LOAD ./STM32F103C6_Drivers/stm32f103c6_EXTI_Driver.o
LOAD ./STM32F103C6_Drivers/stm32f103c6_SPI_Driver.o
LOAD ./STM32F103C6_Drivers/stm32f103c6_USART_Driver.o
LOAD ./Src/main.o
LOAD ./Src/syscalls.o
LOAD ./Src/sysmem.o
LOAD ./Startup/startup_stm32f103c6tx.o
START GROUP
LOAD C:/ST/STM32CubeIDE_1.13.0/STM32CubeIDE/plugins/com.st.stm32cube.ide.mcu.externaltools.gnu-tools-for-stm32.12.3.rel1.win32_1.0.200.202406191623/tools/bin/../lib/gcc/arm-none-eabi/12.3.1/../../../../arm-none-eabi/lib/thumb/v7-m/nofp\libc_nano.a
LOAD C:/ST/STM32CubeIDE_1.13.0/STM32CubeIDE/plugins/com.st.stm32cube.ide.mcu.externaltools.gnu-tools-for-stm32.12.3.rel1.win32_1.0.200.202406191623/tools/bin/../lib/gcc/arm-none-eabi/12.3.1/../../../../arm-none-eabi/lib/thumb/v7-m/nofp\libm.a
END GROUP
START GROUP
LOAD C:/ST/STM32CubeIDE_1.13.0/STM32CubeIDE/plugins/com.st.stm32cube.ide.mcu.externaltools.gnu-tools-for-stm32.12.3.rel1.win32_1.0.200.202406191623/tools/bin/../lib/gcc/arm-none-eabi/12.3.1/thumb/v7-m/nofp\libgcc.a
LOAD C:/ST/STM32CubeIDE_1.13.0/STM32CubeIDE/plugins/com.st.stm32cube.ide.mcu.externaltools.gnu-tools-for-stm32.12.3.rel1.win32_1.0.200.202406191623/tools/bin/../lib/gcc/arm-none-eabi/12.3.1/../../../../arm-none-eabi/lib/thumb/v7-m/nofp\libg_nano.a
LOAD C:/ST/STM32CubeIDE_1.13.0/STM32CubeIDE/plugins/com.st.stm32cube.ide.mcu.externaltools.gnu-tools-for-stm32.12.3.rel1.win32_1.0.200.202406191623/tools/bin/../lib/gcc/arm-none-eabi/12.3.1/../../../../arm-none-eabi/lib/thumb/v7-m/nofp\libc_nano.a
END GROUP
START GROUP
LOAD C:/ST/STM32CubeIDE_1.13.0/STM32CubeIDE/plugins/com.st.stm32cube.ide.mcu.externaltools.gnu-tools-for-stm32.12.3.rel1.win32_1.0.200.202406191623/tools/bin/../lib/gcc/arm-none-eabi/12.3.1/thumb/v7-m/nofp\libgcc.a
LOAD C:/ST/STM32CubeIDE_1.13.0/STM32CubeIDE/plugins/com.st.stm32cube.ide.mcu.externaltools.gnu-tools-for-stm32.12.3.rel1.win32_1.0.200.202406191623/tools/bin/../lib/gcc/arm-none-eabi/12.3.1/../../../../arm-none-eabi/lib/thumb/v7-m/nofp\libc_nano.a
LOAD C:/ST/STM32CubeIDE_1.13.0/STM32CubeIDE/plugins/com.st.stm32cube.ide.mcu.externaltools.gnu-tools-for-stm32.12.3.rel1.win32_1.0.200.202406191623/tools/bin/../lib/gcc/arm-none-eabi/12.3.1/../../../../arm-none-eabi/lib/thumb/v7-m/nofp\libnosys.a
END GROUP
START GROUP
LOAD C:/ST/STM32CubeIDE_1.13.0/STM32CubeIDE/plugins/com.st.stm32cube.ide.mcu.externaltools.gnu-tools-for-stm32.12.3.rel1.win32_1.0.200.202406191623/tools/bin/../lib/gcc/arm-none-eabi/12.3.1/thumb/v7-m/nofp\libgcc.a
LOAD C:/ST/STM32CubeIDE_1.13.0/STM32CubeIDE/plugins/com.st.stm32cube.ide.mcu.externaltools.gnu-tools-for-stm32.12.3.rel1.win32_1.0.200.202406191623/tools/bin/../lib/gcc/arm-none-eabi/12.3.1/../../../../arm-none-eabi/lib/thumb/v7-m/nofp\libc_nano.a
LOAD C:/ST/STM32CubeIDE_1.13.0/STM32CubeIDE/plugins/com.st.stm32cube.ide.mcu.externaltools.gnu-tools-for-stm32.12.3.rel1.win32_1.0.200.202406191623/tools/bin/../lib/gcc/arm-none-eabi/12.3.1/../../../../arm-none-eabi/lib/thumb/v7-m/nofp\libnosys.a
END GROUP
LOAD C:/ST/STM32CubeIDE_1.13.0/STM32CubeIDE/plugins/com.st.stm32cube.ide.mcu.externaltools.gnu-tools-for-stm32.12.3.rel1.win32_1.0.200.202406191623/tools/bin/../lib/gcc/arm-none-eabi/12.3.1/thumb/v7-m/nofp/crtend.o
LOAD C:/ST/STM32CubeIDE_1.13.0/STM32CubeIDE/plugins/com.st.stm32cube.ide.mcu.externaltools.gnu-tools-for-stm32.12.3.rel1.win32_1.0.200.202406191623/tools/bin/../lib/gcc/arm-none-eabi/12.3.1/thumb/v7-m/nofp/crtn.o
                0x20002800                        _estack = (ORIGIN (RAM) + LENGTH (RAM))
                0x00000200                        _Min_Heap_Size = 0x200
                0x00000400                        _Min_Stack_Size = 0x400

.isr_vector     0x08000000      0x130
                0x08000000                        . = ALIGN (0x4)
 *(.isr_vector)
 .isr_vector    0x08000000      0x130 ./Startup/startup_stm32f103c6tx.o
                0x08000000                g_pfnVectors
                0x08000130                        . = ALIGN (0x4)

.text           0x08000130      0xa90
                0x08000130                        . = ALIGN (0x4)
 *(.text)
 .text          0x08000130       0x40 C:/ST/STM32CubeIDE_1.13.0/STM32CubeIDE/plugins/com.st.stm32cube.ide.mcu.externaltools.gnu-tools-for-stm32.12.3.rel1.win32_1.0.200.202406191623/tools/bin/../lib/gcc/arm-none-eabi/12.3.1/thumb/v7-m/nofp/crtbegin.o
 *(.text*)
 .text.Get_CRLH_Position
                0x08000170       0xb4 ./STM32F103C6_Drivers/GPIO/stm32f103c6_gpio.o
                0x08000170                Get_CRLH_Position
 .text.MCAL_GPIO_Init
                0x08000224       0xac ./STM32F103C6_Drivers/GPIO/stm32f103c6_gpio.o
                0x08000224                MCAL_GPIO_Init
 .text.MCAL_GPIO_WritePin
                0x080002d0        0xa ./STM32F103C6_Drivers/GPIO/stm32f103c6_gpio.o
                0x080002d0                MCAL_GPIO_WritePin
 *fill*         0x080002da        0x2 
 .text.MCAL_RCC_GetSYS_CLCKFreq
                0x080002dc       0x2c ./STM32F103C6_Drivers/stm32f013c6_RCC_Driver.o
                0x080002dc                MCAL_RCC_GetSYS_CLCKFreq
 .text.MCAL_RCC_GetHCLKFreq
                0x08000308       0x20 ./STM32F103C6_Drivers/stm32f013c6_RCC_Driver.o
                0x08000308                MCAL_RCC_GetHCLKFreq
 .text.MCAL_RCC_GetPCLK1Freq
                0x08000328       0x20 ./STM32F103C6_Drivers/stm32f013c6_RCC_Driver.o
                0x08000328                MCAL_RCC_GetPCLK1Freq
 .text.MCAL_RCC_GetPCLK2Freq
                0x08000348       0x20 ./STM32F103C6_Drivers/stm32f013c6_RCC_Driver.o
                0x08000348                MCAL_RCC_GetPCLK2Freq
 .text.EXTI0_IRQHandler
                0x08000368       0x1c ./STM32F103C6_Drivers/stm32f103c6_EXTI_Driver.o
                0x08000368                EXTI0_IRQHandler
 .text.EXTI1_IRQHandler
                0x08000384       0x1c ./STM32F103C6_Drivers/stm32f103c6_EXTI_Driver.o
                0x08000384                EXTI1_IRQHandler
 .text.EXTI2_IRQHandler
                0x080003a0       0x1c ./STM32F103C6_Drivers/stm32f103c6_EXTI_Driver.o
                0x080003a0                EXTI2_IRQHandler
 .text.EXTI3_IRQHandler
                0x080003bc       0x1c ./STM32F103C6_Drivers/stm32f103c6_EXTI_Driver.o
                0x080003bc                EXTI3_IRQHandler
 .text.EXTI4_IRQHandler
                0x080003d8       0x1c ./STM32F103C6_Drivers/stm32f103c6_EXTI_Driver.o
                0x080003d8                EXTI4_IRQHandler
 .text.EXTI9_5_IRQHandler
                0x080003f4       0x90 ./STM32F103C6_Drivers/stm32f103c6_EXTI_Driver.o
                0x080003f4                EXTI9_5_IRQHandler
 .text.MCAL_SPI_Init
                0x08000484       0xb0 ./STM32F103C6_Drivers/stm32f103c6_SPI_Driver.o
                0x08000484                MCAL_SPI_Init
 .text.MCAL_SPI_TX_RX
                0x08000534       0x1a ./STM32F103C6_Drivers/stm32f103c6_SPI_Driver.o
                0x08000534                MCAL_SPI_TX_RX
 *fill*         0x0800054e        0x2 
 .text.SPI1_IRQHandler
                0x08000550       0x34 ./STM32F103C6_Drivers/stm32f103c6_SPI_Driver.o
                0x08000550                SPI1_IRQHandler
 .text.SPI2_IRQHandler
                0x08000584       0x34 ./STM32F103C6_Drivers/stm32f103c6_SPI_Driver.o
                0x08000584                SPI2_IRQHandler
 .text.MCAL_SPI_GPIO_Set_Pins
                0x080005b8      0x1d8 ./STM32F103C6_Drivers/stm32f103c6_SPI_Driver.o
                0x080005b8                MCAL_SPI_GPIO_Set_Pins
 .text.MCAL_UART_Init
                0x08000790      0x11c ./STM32F103C6_Drivers/stm32f103c6_USART_Driver.o
                0x08000790                MCAL_UART_Init
 .text.MCAL_UART_SendData
                0x080008ac       0x10 ./STM32F103C6_Drivers/stm32f103c6_USART_Driver.o
                0x080008ac                MCAL_UART_SendData
 .text.MCAL_UART_ReceiveData
                0x080008bc       0x28 ./STM32F103C6_Drivers/stm32f103c6_USART_Driver.o
                0x080008bc                MCAL_UART_ReceiveData
 .text.MCAL_UART_GPIO_Set_Pins
                0x080008e4       0xcc ./STM32F103C6_Drivers/stm32f103c6_USART_Driver.o
                0x080008e4                MCAL_UART_GPIO_Set_Pins
 .text.USART1_IRQHandler
                0x080009b0       0x10 ./STM32F103C6_Drivers/stm32f103c6_USART_Driver.o
                0x080009b0                USART1_IRQHandler
 .text.USART2_IRQHandler
                0x080009c0       0x10 ./STM32F103C6_Drivers/stm32f103c6_USART_Driver.o
                0x080009c0                USART2_IRQHandler
 .text.USART3_IRQHandler
                0x080009d0       0x10 ./STM32F103C6_Drivers/stm32f103c6_USART_Driver.o
                0x080009d0                USART3_IRQHandler
 .text.ISR_Uart
                0x080009e0       0x4c ./Src/main.o
                0x080009e0                ISR_Uart
 .text.main     0x08000a2c       0xe0 ./Src/main.o
                0x08000a2c                main
 .text.Reset_Handler
                0x08000b0c       0x50 ./Startup/startup_stm32f103c6tx.o
                0x08000b0c                Reset_Handler
 .text.Default_Handler
                0x08000b5c        0x2 ./Startup/startup_stm32f103c6tx.o
                0x08000b5c                TIM8_TRG_COM_IRQHandler
                0x08000b5c                TIM8_CC_IRQHandler
                0x08000b5c                DebugMon_Handler
                0x08000b5c                TIM1_CC_IRQHandler
                0x08000b5c                HardFault_Handler
                0x08000b5c                TIM6_IRQHandler
                0x08000b5c                SysTick_Handler
                0x08000b5c                PVD_IRQHandler
                0x08000b5c                SDIO_IRQHandler
                0x08000b5c                PendSV_Handler
                0x08000b5c                NMI_Handler
                0x08000b5c                USB_HP_CAN_TX_IRQHandler
                0x08000b5c                I2C2_EV_IRQHandler
                0x08000b5c                UsageFault_Handler
                0x08000b5c                ADC1_2_IRQHandler
                0x08000b5c                CAN_SCE_IRQHandler
                0x08000b5c                TAMPER_IRQHandler
                0x08000b5c                TIM8_UP_IRQHandler
                0x08000b5c                DMA2_Channel2_IRQHandler
                0x08000b5c                DMA1_Channel4_IRQHandler
                0x08000b5c                RTC_IRQHandler
                0x08000b5c                DMA1_Channel7_IRQHandler
                0x08000b5c                UART5_IRQHandler
                0x08000b5c                ADC3_IRQHandler
                0x08000b5c                TIM4_IRQHandler
                0x08000b5c                CAN_RX1_IRQHandler
                0x08000b5c                DMA2_Channel1_IRQHandler
                0x08000b5c                I2C1_EV_IRQHandler
                0x08000b5c                DMA1_Channel6_IRQHandler
                0x08000b5c                UART4_IRQHandler
                0x08000b5c                TIM3_IRQHandler
                0x08000b5c                RCC_IRQHandler
                0x08000b5c                TIM1_TRG_COM_IRQHandler
                0x08000b5c                DMA1_Channel1_IRQHandler
                0x08000b5c                Default_Handler
                0x08000b5c                EXTI15_10_IRQHandler
                0x08000b5c                TIM7_IRQHandler
                0x08000b5c                TIM5_IRQHandler
                0x08000b5c                USB_LP_CAN_RX0_IRQHandler
                0x08000b5c                MemManage_Handler
                0x08000b5c                SVC_Handler
                0x08000b5c                DMA1_Channel5_IRQHandler
                0x08000b5c                DMA1_Channel3_IRQHandler
                0x08000b5c                FSMC_IRQHandler
                0x08000b5c                TIM1_UP_IRQHandler
                0x08000b5c                WWDG_IRQHandler
                0x08000b5c                TIM2_IRQHandler
                0x08000b5c                TIM1_BRK_IRQHandler
                0x08000b5c                RTCAlarm_IRQHandler
                0x08000b5c                DMA2_Channel4_5_IRQHandler
                0x08000b5c                I2C2_ER_IRQHandler
                0x08000b5c                DMA1_Channel2_IRQHandler
                0x08000b5c                TIM8_BRK_IRQHandler
                0x08000b5c                FLASH_IRQHandler
                0x08000b5c                BusFault_Handler
                0x08000b5c                SPI3_IRQHandler
                0x08000b5c                I2C1_ER_IRQHandler
                0x08000b5c                DMA2_Channel3_IRQHandler
 *fill*         0x08000b5e        0x2 
 .text.__libc_init_array
                0x08000b60       0x48 C:/ST/STM32CubeIDE_1.13.0/STM32CubeIDE/plugins/com.st.stm32cube.ide.mcu.externaltools.gnu-tools-for-stm32.12.3.rel1.win32_1.0.200.202406191623/tools/bin/../lib/gcc/arm-none-eabi/12.3.1/../../../../arm-none-eabi/lib/thumb/v7-m/nofp\libc_nano.a(libc_a-init.o)
                0x08000b60                __libc_init_array
 *(.glue_7)
 .glue_7        0x08000ba8        0x0 linker stubs
 *(.glue_7t)
 .glue_7t       0x08000ba8        0x0 linker stubs
 *(.eh_frame)
 .eh_frame      0x08000ba8        0x0 C:/ST/STM32CubeIDE_1.13.0/STM32CubeIDE/plugins/com.st.stm32cube.ide.mcu.externaltools.gnu-tools-for-stm32.12.3.rel1.win32_1.0.200.202406191623/tools/bin/../lib/gcc/arm-none-eabi/12.3.1/thumb/v7-m/nofp/crtbegin.o
 *(.init)
 .init          0x08000ba8        0x4 C:/ST/STM32CubeIDE_1.13.0/STM32CubeIDE/plugins/com.st.stm32cube.ide.mcu.externaltools.gnu-tools-for-stm32.12.3.rel1.win32_1.0.200.202406191623/tools/bin/../lib/gcc/arm-none-eabi/12.3.1/thumb/v7-m/nofp/crti.o
                0x08000ba8                _init
 .init          0x08000bac        0x8 C:/ST/STM32CubeIDE_1.13.0/STM32CubeIDE/plugins/com.st.stm32cube.ide.mcu.externaltools.gnu-tools-for-stm32.12.3.rel1.win32_1.0.200.202406191623/tools/bin/../lib/gcc/arm-none-eabi/12.3.1/thumb/v7-m/nofp/crtn.o
 *(.fini)
 .fini          0x08000bb4        0x4 C:/ST/STM32CubeIDE_1.13.0/STM32CubeIDE/plugins/com.st.stm32cube.ide.mcu.externaltools.gnu-tools-for-stm32.12.3.rel1.win32_1.0.200.202406191623/tools/bin/../lib/gcc/arm-none-eabi/12.3.1/thumb/v7-m/nofp/crti.o
                0x08000bb4                _fini
 .fini          0x08000bb8        0x8 C:/ST/STM32CubeIDE_1.13.0/STM32CubeIDE/plugins/com.st.stm32cube.ide.mcu.externaltools.gnu-tools-for-stm32.12.3.rel1.win32_1.0.200.202406191623/tools/bin/../lib/gcc/arm-none-eabi/12.3.1/thumb/v7-m/nofp/crtn.o
                0x08000bc0                        . = ALIGN (0x4)
                0x08000bc0                        _etext = .

.vfp11_veneer   0x08000bc0        0x0
 .vfp11_veneer  0x08000bc0        0x0 linker stubs

.v4_bx          0x08000bc0        0x0
 .v4_bx         0x08000bc0        0x0 linker stubs

.iplt           0x08000bc0        0x0
 .iplt          0x08000bc0        0x0 C:/ST/STM32CubeIDE_1.13.0/STM32CubeIDE/plugins/com.st.stm32cube.ide.mcu.externaltools.gnu-tools-for-stm32.12.3.rel1.win32_1.0.200.202406191623/tools/bin/../lib/gcc/arm-none-eabi/12.3.1/thumb/v7-m/nofp/crtbegin.o

.rodata         0x08000bc0       0x18
                0x08000bc0                        . = ALIGN (0x4)
 *(.rodata)
 *(.rodata*)
 .rodata.AHBPrescTable
                0x08000bc0       0x10 ./STM32F103C6_Drivers/stm32f013c6_RCC_Driver.o
                0x08000bc0                AHBPrescTable
 .rodata.APBPrescTable
                0x08000bd0        0x8 ./STM32F103C6_Drivers/stm32f013c6_RCC_Driver.o
                0x08000bd0                APBPrescTable
                0x08000bd8                        . = ALIGN (0x4)

.ARM.extab      0x08000bd8        0x0
                0x08000bd8                        . = ALIGN (0x4)
 *(.ARM.extab* .gnu.linkonce.armextab.*)
                0x08000bd8                        . = ALIGN (0x4)

.ARM            0x08000bd8        0x0
                0x08000bd8                        . = ALIGN (0x4)
                0x08000bd8                        __exidx_start = .
 *(.ARM.exidx*)
                0x08000bd8                        __exidx_end = .
                0x08000bd8                        . = ALIGN (0x4)

.preinit_array  0x08000bd8        0x0
                0x08000bd8                        . = ALIGN (0x4)
                0x08000bd8                        PROVIDE (__preinit_array_start = .)
 *(.preinit_array*)
                0x08000bd8                        PROVIDE (__preinit_array_end = .)
                0x08000bd8                        . = ALIGN (0x4)

.init_array     0x08000bd8        0x4
                0x08000bd8                        . = ALIGN (0x4)
                0x08000bd8                        PROVIDE (__init_array_start = .)
 *(SORT_BY_NAME(.init_array.*))
 *(.init_array*)
 .init_array    0x08000bd8        0x4 C:/ST/STM32CubeIDE_1.13.0/STM32CubeIDE/plugins/com.st.stm32cube.ide.mcu.externaltools.gnu-tools-for-stm32.12.3.rel1.win32_1.0.200.202406191623/tools/bin/../lib/gcc/arm-none-eabi/12.3.1/thumb/v7-m/nofp/crtbegin.o
                0x08000bdc                        PROVIDE (__init_array_end = .)
                0x08000bdc                        . = ALIGN (0x4)

.fini_array     0x08000bdc        0x4
                0x08000bdc                        . = ALIGN (0x4)
                [!provide]                        PROVIDE (__fini_array_start = .)
 *(SORT_BY_NAME(.fini_array.*))
 *(.fini_array*)
 .fini_array    0x08000bdc        0x4 C:/ST/STM32CubeIDE_1.13.0/STM32CubeIDE/plugins/com.st.stm32cube.ide.mcu.externaltools.gnu-tools-for-stm32.12.3.rel1.win32_1.0.200.202406191623/tools/bin/../lib/gcc/arm-none-eabi/12.3.1/thumb/v7-m/nofp/crtbegin.o
                [!provide]                        PROVIDE (__fini_array_end = .)
                0x08000be0                        . = ALIGN (0x4)
                0x08000be0                        _sidata = LOADADDR (.data)

.rel.dyn        0x08000be0        0x0
 .rel.iplt      0x08000be0        0x0 C:/ST/STM32CubeIDE_1.13.0/STM32CubeIDE/plugins/com.st.stm32cube.ide.mcu.externaltools.gnu-tools-for-stm32.12.3.rel1.win32_1.0.200.202406191623/tools/bin/../lib/gcc/arm-none-eabi/12.3.1/thumb/v7-m/nofp/crtbegin.o

.data           0x20000000        0x0 load address 0x08000be0
                0x20000000                        . = ALIGN (0x4)
                0x20000000                        _sdata = .
 *(.data)
 *(.data*)
 *(.RamFunc)
 *(.RamFunc*)
                0x20000000                        . = ALIGN (0x4)
                0x20000000                        _edata = .

.igot.plt       0x20000000        0x0 load address 0x08000be0
 .igot.plt      0x20000000        0x0 C:/ST/STM32CubeIDE_1.13.0/STM32CubeIDE/plugins/com.st.stm32cube.ide.mcu.externaltools.gnu-tools-for-stm32.12.3.rel1.win32_1.0.200.202406191623/tools/bin/../lib/gcc/arm-none-eabi/12.3.1/thumb/v7-m/nofp/crtbegin.o
                0x20000000                        . = ALIGN (0x4)

.bss            0x20000000       0x6c load address 0x08000be0
                0x20000000                        _sbss = .
                0x20000000                        __bss_start__ = _sbss
 *(.bss)
 .bss           0x20000000       0x1c C:/ST/STM32CubeIDE_1.13.0/STM32CubeIDE/plugins/com.st.stm32cube.ide.mcu.externaltools.gnu-tools-for-stm32.12.3.rel1.win32_1.0.200.202406191623/tools/bin/../lib/gcc/arm-none-eabi/12.3.1/thumb/v7-m/nofp/crtbegin.o
 *(.bss*)
 .bss.G_IRQ_Callback
                0x2000001c       0x40 ./STM32F103C6_Drivers/stm32f103c6_EXTI_Driver.o
                0x2000001c                G_IRQ_Callback
 .bss.Global_SPI_Config
                0x2000005c        0x8 ./STM32F103C6_Drivers/stm32f103c6_SPI_Driver.o
                0x2000005c                Global_SPI_Config
 .bss.Global_UART_Config
                0x20000064        0x4 ./STM32F103C6_Drivers/stm32f103c6_USART_Driver.o
                0x20000064                Global_UART_Config
 .bss.ch        0x20000068        0x1 ./Src/main.o
                0x20000068                ch
 *(COMMON)
                0x2000006c                        . = ALIGN (0x4)
 *fill*         0x20000069        0x3 
                0x2000006c                        _ebss = .
                0x2000006c                        __bss_end__ = _ebss

._user_heap_stack
                0x2000006c      0x604 load address 0x08000be0
                0x20000070                        . = ALIGN (0x8)
 *fill*         0x2000006c        0x4 
                [!provide]                        PROVIDE (end = .)
                0x20000070                        PROVIDE (_end = .)
                0x20000270                        . = (. + _Min_Heap_Size)
 *fill*         0x20000070      0x200 
                0x20000670                        . = (. + _Min_Stack_Size)
 *fill*         0x20000270      0x400 
                0x20000670                        . = ALIGN (0x8)

/DISCARD/
 libc.a(*)
 libm.a(*)
 libgcc.a(*)

.ARM.attributes
                0x00000000       0x29
 *(.ARM.attributes)
 .ARM.attributes
                0x00000000       0x1d C:/ST/STM32CubeIDE_1.13.0/STM32CubeIDE/plugins/com.st.stm32cube.ide.mcu.externaltools.gnu-tools-for-stm32.12.3.rel1.win32_1.0.200.202406191623/tools/bin/../lib/gcc/arm-none-eabi/12.3.1/thumb/v7-m/nofp/crti.o
 .ARM.attributes
                0x0000001d       0x2d C:/ST/STM32CubeIDE_1.13.0/STM32CubeIDE/plugins/com.st.stm32cube.ide.mcu.externaltools.gnu-tools-for-stm32.12.3.rel1.win32_1.0.200.202406191623/tools/bin/../lib/gcc/arm-none-eabi/12.3.1/thumb/v7-m/nofp/crtbegin.o
 .ARM.attributes
                0x0000004a       0x2d ./STM32F103C6_Drivers/GPIO/stm32f103c6_gpio.o
 .ARM.attributes
                0x00000077       0x2d ./STM32F103C6_Drivers/stm32f013c6_RCC_Driver.o
 .ARM.attributes
                0x000000a4       0x2d ./STM32F103C6_Drivers/stm32f103c6_EXTI_Driver.o
 .ARM.attributes
                0x000000d1       0x2d ./STM32F103C6_Drivers/stm32f103c6_SPI_Driver.o
 .ARM.attributes
                0x000000fe       0x2d ./STM32F103C6_Drivers/stm32f103c6_USART_Driver.o
 .ARM.attributes
                0x0000012b       0x2d ./Src/main.o
 .ARM.attributes
                0x00000158       0x21 ./Startup/startup_stm32f103c6tx.o
 .ARM.attributes
                0x00000179       0x2d C:/ST/STM32CubeIDE_1.13.0/STM32CubeIDE/plugins/com.st.stm32cube.ide.mcu.externaltools.gnu-tools-for-stm32.12.3.rel1.win32_1.0.200.202406191623/tools/bin/../lib/gcc/arm-none-eabi/12.3.1/../../../../arm-none-eabi/lib/thumb/v7-m/nofp\libc_nano.a(libc_a-init.o)
 .ARM.attributes
                0x000001a6       0x1d C:/ST/STM32CubeIDE_1.13.0/STM32CubeIDE/plugins/com.st.stm32cube.ide.mcu.externaltools.gnu-tools-for-stm32.12.3.rel1.win32_1.0.200.202406191623/tools/bin/../lib/gcc/arm-none-eabi/12.3.1/thumb/v7-m/nofp/crtn.o
OUTPUT(Stm32.elf elf32-littlearm)
LOAD linker stubs
LOAD C:/ST/STM32CubeIDE_1.13.0/STM32CubeIDE/plugins/com.st.stm32cube.ide.mcu.externaltools.gnu-tools-for-stm32.12.3.rel1.win32_1.0.200.202406191623/tools/bin/../lib/gcc/arm-none-eabi/12.3.1/../../../../arm-none-eabi/lib/thumb/v7-m/nofp\libc.a
LOAD C:/ST/STM32CubeIDE_1.13.0/STM32CubeIDE/plugins/com.st.stm32cube.ide.mcu.externaltools.gnu-tools-for-stm32.12.3.rel1.win32_1.0.200.202406191623/tools/bin/../lib/gcc/arm-none-eabi/12.3.1/../../../../arm-none-eabi/lib/thumb/v7-m/nofp\libm.a
LOAD C:/ST/STM32CubeIDE_1.13.0/STM32CubeIDE/plugins/com.st.stm32cube.ide.mcu.externaltools.gnu-tools-for-stm32.12.3.rel1.win32_1.0.200.202406191623/tools/bin/../lib/gcc/arm-none-eabi/12.3.1/thumb/v7-m/nofp\libgcc.a

.debug_info     0x00000000     0x247d
 .debug_info    0x00000000      0x561 ./STM32F103C6_Drivers/GPIO/stm32f103c6_gpio.o
 .debug_info    0x00000561      0x26a ./STM32F103C6_Drivers/stm32f013c6_RCC_Driver.o
 .debug_info    0x000007cb      0x584 ./STM32F103C6_Drivers/stm32f103c6_EXTI_Driver.o
 .debug_info    0x00000d4f      0x861 ./STM32F103C6_Drivers/stm32f103c6_SPI_Driver.o
 .debug_info    0x000015b0      0x67d ./STM32F103C6_Drivers/stm32f103c6_USART_Driver.o
 .debug_info    0x00001c2d      0x820 ./Src/main.o
 .debug_info    0x0000244d       0x30 ./Startup/startup_stm32f103c6tx.o

.debug_abbrev   0x00000000      0xa2b
 .debug_abbrev  0x00000000      0x1e9 ./STM32F103C6_Drivers/GPIO/stm32f103c6_gpio.o
 .debug_abbrev  0x000001e9       0xe7 ./STM32F103C6_Drivers/stm32f013c6_RCC_Driver.o
 .debug_abbrev  0x000002d0      0x1c4 ./STM32F103C6_Drivers/stm32f103c6_EXTI_Driver.o
 .debug_abbrev  0x00000494      0x202 ./STM32F103C6_Drivers/stm32f103c6_SPI_Driver.o
 .debug_abbrev  0x00000696      0x1f0 ./STM32F103C6_Drivers/stm32f103c6_USART_Driver.o
 .debug_abbrev  0x00000886      0x188 ./Src/main.o
 .debug_abbrev  0x00000a0e       0x1d ./Startup/startup_stm32f103c6tx.o

.debug_loc      0x00000000      0xd2d
 .debug_loc     0x00000000      0x480 ./STM32F103C6_Drivers/GPIO/stm32f103c6_gpio.o
 .debug_loc     0x00000480       0x60 ./STM32F103C6_Drivers/stm32f013c6_RCC_Driver.o
 .debug_loc     0x000004e0      0x223 ./STM32F103C6_Drivers/stm32f103c6_EXTI_Driver.o
 .debug_loc     0x00000703      0x3cc ./STM32F103C6_Drivers/stm32f103c6_SPI_Driver.o
 .debug_loc     0x00000acf      0x212 ./STM32F103C6_Drivers/stm32f103c6_USART_Driver.o
 .debug_loc     0x00000ce1       0x4c ./Src/main.o

.debug_aranges  0x00000000      0x228
 .debug_aranges
                0x00000000       0x68 ./STM32F103C6_Drivers/GPIO/stm32f103c6_gpio.o
 .debug_aranges
                0x00000068       0x38 ./STM32F103C6_Drivers/stm32f013c6_RCC_Driver.o
 .debug_aranges
                0x000000a0       0x80 ./STM32F103C6_Drivers/stm32f103c6_EXTI_Driver.o
 .debug_aranges
                0x00000120       0x58 ./STM32F103C6_Drivers/stm32f103c6_SPI_Driver.o
 .debug_aranges
                0x00000178       0x60 ./STM32F103C6_Drivers/stm32f103c6_USART_Driver.o
 .debug_aranges
                0x000001d8       0x28 ./Src/main.o
 .debug_aranges
                0x00000200       0x28 ./Startup/startup_stm32f103c6tx.o

.debug_ranges   0x00000000      0x1c0
 .debug_ranges  0x00000000       0x58 ./STM32F103C6_Drivers/GPIO/stm32f103c6_gpio.o
 .debug_ranges  0x00000058       0x28 ./STM32F103C6_Drivers/stm32f013c6_RCC_Driver.o
 .debug_ranges  0x00000080       0x70 ./STM32F103C6_Drivers/stm32f103c6_EXTI_Driver.o
 .debug_ranges  0x000000f0       0x48 ./STM32F103C6_Drivers/stm32f103c6_SPI_Driver.o
 .debug_ranges  0x00000138       0x50 ./STM32F103C6_Drivers/stm32f103c6_USART_Driver.o
 .debug_ranges  0x00000188       0x18 ./Src/main.o
 .debug_ranges  0x000001a0       0x20 ./Startup/startup_stm32f103c6tx.o

.debug_macro    0x00000000      0xe63
 .debug_macro   0x00000000      0x18c ./STM32F103C6_Drivers/GPIO/stm32f103c6_gpio.o
 .debug_macro   0x0000018c      0x19b ./STM32F103C6_Drivers/stm32f013c6_RCC_Driver.o
 .debug_macro   0x00000327       0x10 ./STM32F103C6_Drivers/stm32f013c6_RCC_Driver.o
 .debug_macro   0x00000337      0x1a1 ./STM32F103C6_Drivers/stm32f103c6_EXTI_Driver.o
 .debug_macro   0x000004d8      0x207 ./STM32F103C6_Drivers/stm32f103c6_EXTI_Driver.o
 .debug_macro   0x000006df      0x1b5 ./STM32F103C6_Drivers/stm32f103c6_SPI_Driver.o
 .debug_macro   0x00000894       0xc2 ./STM32F103C6_Drivers/stm32f103c6_SPI_Driver.o
 .debug_macro   0x00000956      0x1aa ./STM32F103C6_Drivers/stm32f103c6_USART_Driver.o
 .debug_macro   0x00000b00       0xe2 ./STM32F103C6_Drivers/stm32f103c6_USART_Driver.o
 .debug_macro   0x00000be2      0x1b9 ./Src/main.o
 .debug_macro   0x00000d9b       0xc8 ./Src/main.o

.debug_line     0x00000000     0x3693
 .debug_line    0x00000000      0x966 ./STM32F103C6_Drivers/GPIO/stm32f103c6_gpio.o
 .debug_line    0x00000966      0x695 ./STM32F103C6_Drivers/stm32f013c6_RCC_Driver.o
 .debug_line    0x00000ffb      0xafd ./STM32F103C6_Drivers/stm32f103c6_EXTI_Driver.o
 .debug_line    0x00001af8      0xacb ./STM32F103C6_Drivers/stm32f103c6_SPI_Driver.o
 .debug_line    0x000025c3      0x935 ./STM32F103C6_Drivers/stm32f103c6_USART_Driver.o
 .debug_line    0x00002ef8      0x717 ./Src/main.o
 .debug_line    0x0000360f       0x84 ./Startup/startup_stm32f103c6tx.o

.debug_str      0x00000000     0xb053
 .debug_str     0x00000000     0x8a94 ./STM32F103C6_Drivers/GPIO/stm32f103c6_gpio.o
                               0x8caa (size before relaxing)
 .debug_str     0x00008a94       0xff ./STM32F103C6_Drivers/stm32f013c6_RCC_Driver.o
                               0x8c12 (size before relaxing)
 .debug_str     0x00008b93     0x14e3 ./STM32F103C6_Drivers/stm32f103c6_EXTI_Driver.o
                               0xa026 (size before relaxing)
 .debug_str     0x0000a076      0x7b3 ./STM32F103C6_Drivers/stm32f103c6_SPI_Driver.o
                               0x935c (size before relaxing)
 .debug_str     0x0000a829      0x7a6 ./STM32F103C6_Drivers/stm32f103c6_USART_Driver.o
                               0x9404 (size before relaxing)
 .debug_str     0x0000afcf       0x45 ./Src/main.o
                               0x99e6 (size before relaxing)
 .debug_str     0x0000b014       0x3f ./Startup/startup_stm32f103c6tx.o
                                 0x7a (size before relaxing)

.comment        0x00000000       0x43
 .comment       0x00000000       0x43 ./STM32F103C6_Drivers/GPIO/stm32f103c6_gpio.o
                                 0x44 (size before relaxing)
 .comment       0x00000043       0x44 ./STM32F103C6_Drivers/stm32f013c6_RCC_Driver.o
 .comment       0x00000043       0x44 ./STM32F103C6_Drivers/stm32f103c6_EXTI_Driver.o
 .comment       0x00000043       0x44 ./STM32F103C6_Drivers/stm32f103c6_SPI_Driver.o
 .comment       0x00000043       0x44 ./STM32F103C6_Drivers/stm32f103c6_USART_Driver.o
 .comment       0x00000043       0x44 ./Src/main.o

.debug_frame    0x00000000      0x47c
 .debug_frame   0x00000000       0xc8 ./STM32F103C6_Drivers/GPIO/stm32f103c6_gpio.o
 .debug_frame   0x000000c8       0x68 ./STM32F103C6_Drivers/stm32f013c6_RCC_Driver.o
 .debug_frame   0x00000130      0x13c ./STM32F103C6_Drivers/stm32f103c6_EXTI_Driver.o
 .debug_frame   0x0000026c       0xcc ./STM32F103C6_Drivers/stm32f103c6_SPI_Driver.o
 .debug_frame   0x00000338       0xd4 ./STM32F103C6_Drivers/stm32f103c6_USART_Driver.o
 .debug_frame   0x0000040c       0x44 ./Src/main.o
 .debug_frame   0x00000450       0x2c C:/ST/STM32CubeIDE_1.13.0/STM32CubeIDE/plugins/com.st.stm32cube.ide.mcu.externaltools.gnu-tools-for-stm32.12.3.rel1.win32_1.0.200.202406191623/tools/bin/../lib/gcc/arm-none-eabi/12.3.1/../../../../arm-none-eabi/lib/thumb/v7-m/nofp\libc_nano.a(libc_a-init.o)
