../STM32F103C6_Drivers/stm32f103c6_EXTI_Driver.c:22:6:Enable_NVIC	0	static
../STM32F103C6_Drivers/stm32f103c6_EXTI_Driver.c:36:6:Disable_NVIC	0	static
../STM32F103C6_Drivers/stm32f103c6_EXTI_Driver.c:79:6:MCAL_EXTI_GPIO_Deinit	0	static
../STM32F103C6_Drivers/stm32f103c6_EXTI_Driver.c:104:7:Update_EXTI	32	static
../STM32F103C6_Drivers/stm32f103c6_EXTI_Driver.c:57:6:MCAL_EXTI_GPIO_Init	0	static
../STM32F103C6_Drivers/stm32f103c6_EXTI_Driver.c:69:6:MCAL_EXTI_GPIO_Update	0	static
../STM32F103C6_Drivers/stm32f103c6_EXTI_Driver.c:155:6:EXTI0_IRQHandler	0	static
../STM32F103C6_Drivers/stm32f103c6_EXTI_Driver.c:161:6:EXTI1_IRQHandler	0	static
../STM32F103C6_Drivers/stm32f103c6_EXTI_Driver.c:167:6:EXTI2_IRQHandler	0	static
../STM32F103C6_Drivers/stm32f103c6_EXTI_Driver.c:173:6:EXTI3_IRQHandler	0	static
../STM32F103C6_Drivers/stm32f103c6_EXTI_Driver.c:179:6:EXTI4_IRQHandler	0	static
../STM32F103C6_Drivers/stm32f103c6_EXTI_Driver.c:185:6:EXTI9_5_IRQHandler	8	static
../STM32F103C6_Drivers/stm32f103c6_EXTI_Driver.c:214:6:EXTI10_15_IRQHandler	8	static
